<html>
<body>
<pre>
<h1>µVision Build Log</h1>
<h2>Project:</h2>
N:\MTE241\WAAAH\Project2.uvproj
Project File Date:  07/10/2018

<h2>Output:</h2>
Build target 'Target 1'
compiling main.c...
main.c(158): warning:  #61-D: integer operation result is out of range
main.c(158): warning:  #68-D: integer conversion resulted in a change of sign
main.c(548): warning:  #61-D: integer operation result is out of range
main.c(548): warning:  #68-D: integer conversion resulted in a change of sign
main.c(553): warning:  #61-D: integer operation result is out of range
main.c(553): warning:  #68-D: integer conversion resulted in a change of sign
main.c(732): warning:  #167-D: argument of type "char *" is incompatible with parameter of type "unsigned char *"
linking...
Program Size: Code=17810 RO-data=6918 RW-data=232 ZI-data=22736  
"Project2.axf" - 0 Error(s), 7 Warning(s).
Load "N:\\MTE241\\WAAAH\\Project2.AXF" 
Erase Done.
Programming Done.
Verify OK.
