ARM Linker, 5.02 [Build 28] [MDK-ARM Lite]

==============================================================================

Section Cross References

    startup_lpc17xx.o(RESET) refers to startup_lpc17xx.o(STACK) for __initial_sp
    startup_lpc17xx.o(RESET) refers to startup_lpc17xx.o(.text) for Reset_Handler
    startup_lpc17xx.o(RESET) refers to hal_cm3.o(.emb_text) for SVC_Handler
    startup_lpc17xx.o(RESET) refers to uart.o(.text) for UART0_IRQHandler
    startup_lpc17xx.o(.text) refers to system_lpc17xx.o(.text) for SystemInit
    startup_lpc17xx.o(.text) refers to entry.o(.ARM.Collect$$$$00000000) for __main
    glcd_scroll.o(.text) refers to glcd_spi_lpc1700.o(.text) for GLCD_Init
    glcd_scroll.o(.text) refers to glcd_scroll.o(i.last_line) for last_line
    glcd_scroll.o(.text) refers to glcd_scroll.o(i.last_window_line) for last_window_line
    glcd_scroll.o(.text) refers to glcd_scroll.o(.data) for cache_start
    glcd_scroll.o(.text) refers to glcd_scroll.o(.bss) for chache
    glcd_spi_lpc1700.o(.text) refers to glcd_spi_lpc1700.o(.data) for Himax
    glcd_spi_lpc1700.o(.text) refers to glcd_spi_lpc1700.o(.constdata) for Font_6x8_h
    retarget.o(.text) refers to uart.o(.text) for UARTInit
    retarget.o(.text) refers to retarget.o(.data) for uart_init_called
    uart.o(.text) refers to uart.o(.data) for RcvLock0
    uart.o(.text) refers to uart.o(.bss) for UART0Buffer
    uart.o(.text) refers to system_lpc17xx.o(.data) for SystemCoreClock
    main.o(.text) refers to glcd_spi_lpc1700.o(.text) for GLCD_SetTextColor
    main.o(.text) refers to queue.o(.text) for enqueue
    main.o(.text) refers to dflti.o(.text) for __aeabi_i2d
    main.o(.text) refers to sin.o(i.sin) for sin
    main.o(.text) refers to dmul.o(.text) for __aeabi_dmul
    main.o(.text) refers to cos.o(i.cos) for cos
    main.o(.text) refers to dadd.o(.text) for __aeabi_dsub
    main.o(.text) refers to dfixi.o(.text) for __aeabi_d2iz
    main.o(.text) refers to main.o(.bss) for enemyPoints
    main.o(.text) refers to main.o(.data) for enemyPointCount
    main.o(.text) refers to dfixui.o(.text) for __aeabi_d2uiz
    main.o(.text) refers to printf1.o(i.__0sprintf$1) for __2sprintf
    main.o(.text) refers to sqrt.o(i.sqrt) for sqrt
    main.o(.text) refers to rt_semaphore.o(i.rt_sem_wait) for rt_sem_wait
    main.o(.text) refers to rt_semaphore.o(i.rt_sem_send) for rt_sem_send
    main.o(.text) refers to rt_task.o(i.rt_tsk_pass) for rt_tsk_pass
    main.o(.text) refers to ddiv.o(.text) for __aeabi_ddiv
    main.o(.text) refers to rand.o(.text) for rand
    main.o(.text) refers to acos.o(i.acos) for acos
    main.o(.text) refers to rt_semaphore.o(i.rt_sem_init) for rt_sem_init
    main.o(.text) refers to rt_task.o(i.rt_tsk_create) for rt_tsk_create
    main.o(.text) refers to rt_task.o(i.rt_tsk_delete) for rt_tsk_delete
    main.o(.text) refers to printf1.o(i.__0printf$1) for __2printf
    main.o(.text) refers to hal_cm3.o(.emb_text) for os_set_env
    main.o(.text) refers to rt_task.o(i.rt_sys_init) for rt_sys_init
    queue.o(.text) refers to malloc.o(i.malloc) for malloc
    queue.o(.text) refers to malloc.o(i.free) for free
    queue.o(.text) refers to printf1.o(i.__0printf$1) for __2printf
    system_lpc17xx.o(.text) refers to uldiv.o(.text) for __aeabi_uldivmod
    system_lpc17xx.o(.text) refers to system_lpc17xx.o(.data) for SystemCoreClock
    rt_task.o(i.rt_block) refers to rt_list.o(i.rt_put_dly) for rt_put_dly
    rt_task.o(i.rt_block) refers to rt_list.o(i.rt_get_first) for rt_get_first
    rt_task.o(i.rt_block) refers to rt_task.o(i.rt_switch_req) for rt_switch_req
    rt_task.o(i.rt_block) refers to rt_task.o(.data) for .data
    rt_task.o(i.rt_block) refers to rt_list.o(.bss) for os_rdy
    rt_task.o(i.rt_dispatch) refers to rt_list.o(i.rt_put_rdy_first) for rt_put_rdy_first
    rt_task.o(i.rt_dispatch) refers to rt_task.o(i.rt_switch_req) for rt_switch_req
    rt_task.o(i.rt_dispatch) refers to rt_list.o(i.rt_get_first) for rt_get_first
    rt_task.o(i.rt_dispatch) refers to rt_list.o(i.rt_put_prio) for rt_put_prio
    rt_task.o(i.rt_dispatch) refers to rt_task.o(.data) for .data
    rt_task.o(i.rt_dispatch) refers to rt_list.o(.bss) for os_rdy
    rt_task.o(i.rt_init_context) refers to rt_membox.o(i.rt_alloc_box) for rt_alloc_box
    rt_task.o(i.rt_init_context) refers to hal_cm3.o(i.rt_init_stack) for rt_init_stack
    rt_task.o(i.rt_init_context) refers to rtx_config.o(.bss) for mp_stk
    rt_task.o(i.rt_switch_req) refers to hal_cm3.o(i.dbg_task_switch) for dbg_task_switch
    rt_task.o(i.rt_switch_req) refers to rt_task.o(.data) for .data
    rt_task.o(i.rt_switch_req) refers to hal_cm3.o(.data) for dbg_msg
    rt_task.o(i.rt_sys_init) refers to hal_cm3.o(i.dbg_init) for dbg_init
    rt_task.o(i.rt_sys_init) refers to rt_membox.o(i._init_box) for _init_box
[...]
    printf6.o(i._printf_core) refers to printf6.o(i._printf_post_padding) for _printf_post_padding
    printf7.o(i.__0fprintf$7) refers to printf7.o(i._printf_core) for _printf_core
    printf7.o(i.__0fprintf$7) refers to retarget.o(.text) for fputc
    printf7.o(i.__0printf$7) refers to printf7.o(i._printf_core) for _printf_core
    printf7.o(i.__0printf$7) refers to retarget.o(.text) for fputc
    printf7.o(i.__0printf$7) refers to retarget.o(.data) for __stdout
    printf7.o(i.__0snprintf$7) refers to printf7.o(i._printf_core) for _printf_core
    printf7.o(i.__0snprintf$7) refers to printf7.o(i._snputc) for _snputc
    printf7.o(i.__0sprintf$7) refers to printf7.o(i._printf_core) for _printf_core
    printf7.o(i.__0sprintf$7) refers to printf7.o(i._sputc) for _sputc
    printf7.o(i.__0vfprintf$7) refers to printf7.o(i._printf_core) for _printf_core
    printf7.o(i.__0vfprintf$7) refers to retarget.o(.text) for fputc
    printf7.o(i.__0vprintf$7) refers to printf7.o(i._printf_core) for _printf_core
    printf7.o(i.__0vprintf$7) refers to retarget.o(.text) for fputc
    printf7.o(i.__0vprintf$7) refers to retarget.o(.data) for __stdout
    printf7.o(i.__0vsnprintf$7) refers to printf7.o(i._printf_core) for _printf_core
    printf7.o(i.__0vsnprintf$7) refers to printf7.o(i._snputc) for _snputc
    printf7.o(i.__0vsprintf$7) refers to printf7.o(i._printf_core) for _printf_core
    printf7.o(i.__0vsprintf$7) refers to printf7.o(i._sputc) for _sputc
    printf7.o(i._printf_core) refers to printf7.o(i._printf_pre_padding) for _printf_pre_padding
    printf7.o(i._printf_core) refers to uldiv.o(.text) for __aeabi_uldivmod
    printf7.o(i._printf_core) refers to printf7.o(i._printf_post_padding) for _printf_post_padding
    printf8.o(i.__0fprintf$8) refers to printf8.o(i._printf_core) for _printf_core
    printf8.o(i.__0fprintf$8) refers to retarget.o(.text) for fputc
    printf8.o(i.__0printf$8) refers to printf8.o(i._printf_core) for _printf_core
    printf8.o(i.__0printf$8) refers to retarget.o(.text) for fputc
    printf8.o(i.__0printf$8) refers to retarget.o(.data) for __stdout
    printf8.o(i.__0snprintf$8) refers to printf8.o(i._printf_core) for _printf_core
    printf8.o(i.__0snprintf$8) refers to printf8.o(i._snputc) for _snputc
    printf8.o(i.__0sprintf$8) refers to printf8.o(i._printf_core) for _printf_core
    printf8.o(i.__0sprintf$8) refers to printf8.o(i._sputc) for _sputc
    printf8.o(i.__0vfprintf$8) refers to printf8.o(i._printf_core) for _printf_core
    printf8.o(i.__0vfprintf$8) refers to retarget.o(.text) for fputc
    printf8.o(i.__0vprintf$8) refers to printf8.o(i._printf_core) for _printf_core
    printf8.o(i.__0vprintf$8) refers to retarget.o(.text) for fputc
    printf8.o(i.__0vprintf$8) refers to retarget.o(.data) for __stdout
    printf8.o(i.__0vsnprintf$8) refers to printf8.o(i._printf_core) for _printf_core
    printf8.o(i.__0vsnprintf$8) refers to printf8.o(i._snputc) for _snputc
    printf8.o(i.__0vsprintf$8) refers to printf8.o(i._printf_core) for _printf_core
    printf8.o(i.__0vsprintf$8) refers to printf8.o(i._sputc) for _sputc
    printf8.o(i._printf_core) refers to printf8.o(i._printf_pre_padding) for _printf_pre_padding
    printf8.o(i._printf_core) refers to uldiv.o(.text) for __aeabi_uldivmod
    printf8.o(i._printf_core) refers to printf8.o(i._printf_post_padding) for _printf_post_padding
    printfa.o(i.__0fprintf) refers (Special) to iusefp.o(.text) for __I$use$fp
    printfa.o(i.__0fprintf) refers to printfa.o(i._printf_core) for _printf_core
    printfa.o(i.__0fprintf) refers to retarget.o(.text) for fputc
    printfa.o(i.__0printf) refers (Special) to iusefp.o(.text) for __I$use$fp
    printfa.o(i.__0printf) refers to printfa.o(i._printf_core) for _printf_core
    printfa.o(i.__0printf) refers to retarget.o(.text) for fputc
    printfa.o(i.__0printf) refers to retarget.o(.data) for __stdout
    printfa.o(i.__0snprintf) refers (Special) to iusefp.o(.text) for __I$use$fp
    printfa.o(i.__0snprintf) refers to printfa.o(i._printf_core) for _printf_core
    printfa.o(i.__0snprintf) refers to printfa.o(i._snputc) for _snputc
    printfa.o(i.__0sprintf) refers (Special) to iusefp.o(.text) for __I$use$fp
    printfa.o(i.__0sprintf) refers to printfa.o(i._printf_core) for _printf_core
    printfa.o(i.__0sprintf) refers to printfa.o(i._sputc) for _sputc
    printfa.o(i.__0vfprintf) refers (Special) to iusefp.o(.text) for __I$use$fp
    printfa.o(i.__0vfprintf) refers to printfa.o(i._printf_core) for _printf_core
    printfa.o(i.__0vfprintf) refers to retarget.o(.text) for fputc
    printfa.o(i.__0vprintf) refers (Special) to iusefp.o(.text) for __I$use$fp
    printfa.o(i.__0vprintf) refers to printfa.o(i._printf_core) for _printf_core
    printfa.o(i.__0vprintf) refers to retarget.o(.text) for fputc
    printfa.o(i.__0vprintf) refers to retarget.o(.data) for __stdout
    printfa.o(i.__0vsnprintf) refers (Special) to iusefp.o(.text) for __I$use$fp
    printfa.o(i.__0vsnprintf) refers to printfa.o(i._printf_core) for _printf_core
    printfa.o(i.__0vsnprintf) refers to printfa.o(i._snputc) for _snputc
    printfa.o(i.__0vsprintf) refers (Special) to iusefp.o(.text) for __I$use$fp
    printfa.o(i.__0vsprintf) refers to printfa.o(i._printf_core) for _printf_core
    printfa.o(i.__0vsprintf) refers to printfa.o(i._sputc) for _sputc
    printfa.o(i._fp_digits) refers (Special) to iusefp.o(.text) for __I$use$fp
    printfa.o(i._fp_digits) refers to dmul.o(.text) for __aeabi_dmul
    printfa.o(i._fp_digits) refers to ddiv.o(.text) for __aeabi_ddiv
    printfa.o(i._fp_digits) refers to cdrcmple.o(.text) for __aeabi_cdrcmple
    printfa.o(i._fp_digits) refers to dadd.o(.text) for __aeabi_dadd
    printfa.o(i._fp_digits) refers to dfixul.o(.text) for __aeabi_d2ulz
    printfa.o(i._fp_digits) refers to uldiv.o(.text) for __aeabi_uldivmod
    printfa.o(i._printf_core) refers (Special) to iusefp.o(.text) for __I$use$fp
    printfa.o(i._printf_core) refers to printfa.o(i._printf_pre_padding) for _printf_pre_padding
    printfa.o(i._printf_core) refers to uldiv.o(.text) for __aeabi_uldivmod
    printfa.o(i._printf_core) refers to printfa.o(i._printf_post_padding) for _printf_post_padding
    printfa.o(i._printf_core) refers to printfa.o(i._fp_digits) for _fp_digits
    printfa.o(i._printf_core) refers to uidiv.o(.text) for __aeabi_uidivmod
    printfa.o(i._printf_post_padding) refers (Special) to iusefp.o(.text) for __I$use$fp
    printfa.o(i._printf_pre_padding) refers (Special) to iusefp.o(.text) for __I$use$fp
    printfa.o(i._snputc) refers (Special) to iusefp.o(.text) for __I$use$fp
    printfa.o(i._sputc) refers (Special) to iusefp.o(.text) for __I$use$fp
    malloc.o(i.free) refers to mvars.o(.data) for __microlib_freelist
    malloc.o(i.malloc) refers to mvars.o(.data) for __microlib_freelist_initialised
    malloc.o(i.malloc) refers to mvars.o(.data) for __microlib_freelist
    malloc.o(i.malloc) refers to startup_lpc17xx.o(HEAP) for __heap_base
    mallocr.o(i.__free$realloc) refers to mvars.o(.data) for __microlib_freelist
    mallocr.o(i.__malloc$realloc) refers to mallocr.o(i.internal_alloc) for internal_alloc
    mallocr.o(i.__malloc$realloc) refers to mvars.o(.data) for __microlib_freelist_initialised
    mallocr.o(i.__malloc$realloc) refers to startup_lpc17xx.o(HEAP) for __heap_base
    mallocr.o(i.__malloc$realloc) refers to mvars.o(.data) for __microlib_freelist
    mallocr.o(i.internal_alloc) refers to memcpya.o(.text) for __aeabi_memcpy
    mallocr.o(i.internal_alloc) refers to mvars.o(.data) for __microlib_freelist
    mallocr.o(i.realloc) refers to mallocr.o(i.__free$realloc) for __free$realloc
    mallocr.o(i.realloc) refers to mallocr.o(i.internal_alloc) for internal_alloc
    mallocr.o(i.realloc) refers to mallocr.o(i.__malloc$realloc) for __malloc$realloc
    mallocr.o(i.realloc) refers to mvars.o(.data) for __microlib_freelist
    malloca.o(i.__aligned_malloc) refers to mvars.o(.data) for __microlib_freelist_initialised
    malloca.o(i.__aligned_malloc) refers to mvars.o(.data) for __microlib_freelist
    malloca.o(i.__aligned_malloc) refers to startup_lpc17xx.o(HEAP) for __heap_base
    malloca.o(i.__free$memalign) refers to mvars.o(.data) for __microlib_freelist
    malloca.o(i.__malloc$memalign) refers to malloca.o(i.__aligned_malloc) for __aligned_malloc
    mallocra.o(i.__aligned_malloc$realloc) refers to mallocra.o(i.internal_alloc) for internal_alloc
    mallocra.o(i.__aligned_malloc$realloc) refers to mvars.o(.data) for __microlib_freelist_initialised
    mallocra.o(i.__aligned_malloc$realloc) refers to startup_lpc17xx.o(HEAP) for __heap_base
    mallocra.o(i.__aligned_malloc$realloc) refers to mvars.o(.data) for __microlib_freelist
    mallocra.o(i.__free$realloc$memalign) refers to mvars.o(.data) for __microlib_freelist
    mallocra.o(i.__malloc$realloc$memalign) refers to mallocra.o(i.__aligned_malloc$realloc) for __aligned_malloc$realloc
    mallocra.o(i.__realloc$memalign) refers to mallocra.o(i.__free$realloc$memalign) for __free$realloc$memalign
    mallocra.o(i.__realloc$memalign) refers to mallocra.o(i.internal_alloc) for internal_alloc
    mallocra.o(i.__realloc$memalign) refers to mallocra.o(i.__malloc$realloc$memalign) for __malloc$realloc$memalign
    mallocra.o(i.__realloc$memalign) refers to mvars.o(.data) for __microlib_freelist
    mallocra.o(i.internal_alloc) refers to memcpya.o(.text) for __aeabi_memcpy
    mallocra.o(i.internal_alloc) refers to mvars.o(.data) for __microlib_freelist
    dadd.o(.text) refers (Special) to iusefp.o(.text) for __I$use$fp
    dadd.o(.text) refers to llshl.o(.text) for __aeabi_llsl
    dadd.o(.text) refers to llsshr.o(.text) for __aeabi_lasr
    dadd.o(.text) refers to depilogue.o(.text) for _double_epilogue
    dmul.o(.text) refers (Special) to iusefp.o(.text) for __I$use$fp
    dmul.o(.text) refers to depilogue.o(.text) for _double_epilogue
    ddiv.o(.text) refers (Special) to iusefp.o(.text) for __I$use$fp
    ddiv.o(.text) refers to depilogue.o(.text) for _double_round
    dflti.o(.text) refers (Special) to iusefp.o(.text) for __I$use$fp
    dflti.o(.text) refers to depilogue.o(.text) for _double_epilogue
    dfixi.o(.text) refers (Special) to iusefp.o(.text) for __I$use$fp
    dfixi.o(.text) refers to llushr.o(.text) for __aeabi_llsr
    dfixui.o(.text) refers (Special) to iusefp.o(.text) for __I$use$fp
    dfixui.o(.text) refers to llushr.o(.text) for __aeabi_llsr
    cos_i.o(i.__kernel_cos) refers (Special) to iusefp.o(.text) for __I$use$fp
    cos_i.o(i.__kernel_cos) refers to dfixi.o(.text) for __aeabi_d2iz
    cos_i.o(i.__kernel_cos) refers to dmul.o(.text) for __aeabi_dmul
    cos_i.o(i.__kernel_cos) refers to poly.o(i.__kernel_poly) for __kernel_poly
    cos_i.o(i.__kernel_cos) refers to dadd.o(.text) for __aeabi_dsub
    cos_i.o(i.__kernel_cos) refers to dscalb.o(.text) for __ARM_scalbn
    cos_i.o(i.__kernel_cos) refers to cos_i.o(.constdata) for .constdata
    cos_i.o(.constdata) refers (Special) to iusefp.o(.text) for __I$use$fp
    poly.o(i.__kernel_poly) refers (Special) to iusefp.o(.text) for __I$use$fp
    poly.o(i.__kernel_poly) refers to dmul.o(.text) for __aeabi_dmul
    poly.o(i.__kernel_poly) refers to dadd.o(.text) for __aeabi_dadd
    rred.o(i.__ieee754_rem_pio2) refers (Special) to iusefp.o(.text) for __I$use$fp
    rred.o(i.__ieee754_rem_pio2) refers to dadd.o(.text) for __aeabi_dsub
    rred.o(i.__ieee754_rem_pio2) refers to dmul.o(.text) for __aeabi_dmul
    rred.o(i.__ieee754_rem_pio2) refers to dfixi.o(.text) for __aeabi_d2iz
    rred.o(i.__ieee754_rem_pio2) refers to dflti.o(.text) for __aeabi_i2d
    rred.o(i.__ieee754_rem_pio2) refers to dfltui.o(.text) for __aeabi_ui2d
    rred.o(i.__ieee754_rem_pio2) refers to dscalb.o(.text) for __ARM_scalbn
    rred.o(i.__ieee754_rem_pio2) refers to rred.o(.constdata) for .constdata
    rred.o(i.__use_accurate_range_reduction) refers (Special) to iusefp.o(.text) for __I$use$fp
    rred.o(.constdata) refers (Special) to iusefp.o(.text) for __I$use$fp
    sin_i.o(i.__kernel_sin) refers (Special) to iusefp.o(.text) for __I$use$fp
    sin_i.o(i.__kernel_sin) refers to fpclassify.o(i.__ARM_fpclassify) for __ARM_fpclassify
    sin_i.o(i.__kernel_sin) refers to dunder.o(i.__mathlib_dbl_underflow) for __mathlib_dbl_underflow
    sin_i.o(i.__kernel_sin) refers to dmul.o(.text) for __aeabi_dmul
    sin_i.o(i.__kernel_sin) refers to poly.o(i.__kernel_poly) for __kernel_poly
    sin_i.o(i.__kernel_sin) refers to dscalb.o(.text) for __ARM_scalbn
    sin_i.o(i.__kernel_sin) refers to dadd.o(.text) for __aeabi_dsub
    sin_i.o(i.__kernel_sin) refers to sin_i.o(.constdata) for .constdata
    sin_i.o(.constdata) refers (Special) to iusefp.o(.text) for __I$use$fp
    sin_i_x.o(i.____kernel_sin$lsc) refers (Special) to iusefp.o(.text) for __I$use$fp
    sin_i_x.o(i.____kernel_sin$lsc) refers to dmul.o(.text) for __aeabi_dmul
    sin_i_x.o(i.____kernel_sin$lsc) refers to poly.o(i.__kernel_poly) for __kernel_poly
    sin_i_x.o(i.____kernel_sin$lsc) refers to dscalb.o(.text) for __ARM_scalbn
    sin_i_x.o(i.____kernel_sin$lsc) refers to dadd.o(.text) for __aeabi_dsub
    sin_i_x.o(i.____kernel_sin$lsc) refers to sin_i_x.o(.constdata) for .constdata
    sin_i_x.o(.constdata) refers (Special) to iusefp.o(.text) for __I$use$fp
    entry2.o(.ARM.Collect$$$$00000001) refers to entry2.o(.ARM.Collect$$$$00002712) for __lit__00000000
    entry2.o(.ARM.Collect$$$$00002712) refers to startup_lpc17xx.o(STACK) for __initial_sp
    entry2.o(__vectab_stack_and_reset_area) refers to startup_lpc17xx.o(STACK) for __initial_sp
    entry2.o(__vectab_stack_and_reset_area) refers to entry.o(.ARM.Collect$$$$00000000) for __main
    entry5.o(.ARM.Collect$$$$00000004) refers to init.o(.text) for __scatterload
    entry8.o(.ARM.Collect$$$$00000009) refers to main.o(.text) for main
    errno.o(i.__aeabi_errno_addr) refers to errno.o(.data) for .data
    errno.o(i.__read_errno) refers to errno.o(.data) for .data
    errno.o(i.__set_errno) refers to errno.o(.data) for .data
    depilogue.o(.text) refers to llshl.o(.text) for __aeabi_llsl
    depilogue.o(.text) refers to llushr.o(.text) for __aeabi_llsr
    dsqrt.o(.text) refers to llushr.o(.text) for __aeabi_llsr
    dsqrt.o(.text) refers to depilogue.o(.text) for _double_round
    dfixul.o(.text) refers to llushr.o(.text) for __aeabi_llsr
    dfixul.o(.text) refers to llshl.o(.text) for __aeabi_llsl
    dunder.o(i.__mathlib_dbl_underflow) refers to dscalb.o(.text) for __ARM_scalbn
    fpclassify.o(i.__ARM_fpclassify) refers (Special) to iusefp.o(.text) for __I$use$fp
    init.o(.text) refers to entry5.o(.ARM.Collect$$$$00000004) for __main_after_scatterload
    dfltui.o(.text) refers to depilogue.o(.text) for _double_epilogue
    glcd_scroll.o(i.last_line) refers to glcd_scroll.o(.data) for cache_start
    glcd_scroll.o(i.last_window_line) refers to glcd_scroll.o(.data) for window_start


==============================================================================

Removing Unused input sections from the image.

    Removing glcd_scroll.o(.rev16_text), (4 bytes).
    Removing glcd_scroll.o(.revsh_text), (4 bytes).
    Removing glcd_scroll.o(.text), (852 bytes).
    Removing glcd_scroll.o(.bss), (525 bytes).
    Removing glcd_scroll.o(.data), (20 bytes).
    Removing glcd_spi_lpc1700.o(.rev16_text), (4 bytes).
    Removing glcd_spi_lpc1700.o(.revsh_text), (4 bytes).
    Removing uart.o(.rev16_text), (4 bytes).
    Removing uart.o(.revsh_text), (4 bytes).
    Removing main.o(.rev16_text), (4 bytes).
    Removing main.o(.revsh_text), (4 bytes).
    Removing system_lpc17xx.o(.rev16_text), (4 bytes).
    Removing system_lpc17xx.o(.revsh_text), (4 bytes).
    Removing rt_task.o(i.rt_tsk_prio), (128 bytes).
    Removing rt_task.o(i.rt_tsk_self), (16 bytes).
    Removing rt_semaphore.o(i.isr_sem_send), (16 bytes).
    Removing rt_system.o(.emb_text), (0 bytes).
    Removing rt_system.o(i.rt_psh_req), (32 bytes).
    Removing rt_system.o(i.rt_resume), (176 bytes).
    Removing rt_system.o(i.rt_suspend), (44 bytes).
    Removing rt_system.o(i.rt_tsk_lock), (80 bytes).
    Removing rt_system.o(i.rt_tsk_unlock), (80 bytes).
    Removing rt_list.o(i.rt_psq_enq), (88 bytes).
    Removing rt_list.o(i.rt_resort_prio), (52 bytes).
    Removing rt_membox.o(i._calloc_box), (30 bytes).
    Removing rt_event.o(i.isr_evt_set), (40 bytes).
    Removing rt_event.o(i.rt_evt_clr), (28 bytes).
    Removing rt_event.o(i.rt_evt_get), (12 bytes).
    Removing rt_event.o(i.rt_evt_set), (96 bytes).
    Removing rt_event.o(i.rt_evt_wait), (64 bytes).
    Removing rt_mailbox.o(i.isr_mbx_receive), (84 bytes).
    Removing rt_mailbox.o(i.isr_mbx_send), (14 bytes).
    Removing rt_mailbox.o(i.rt_mbx_check), (8 bytes).
    Removing rt_mailbox.o(i.rt_mbx_init), (26 bytes).
    Removing rt_mailbox.o(i.rt_mbx_send), (160 bytes).
    Removing rt_mailbox.o(i.rt_mbx_wait), (184 bytes).
    Removing rt_time.o(i.rt_dly_wait), (6 bytes).
    Removing rt_time.o(i.rt_itv_set), (24 bytes).
    Removing rt_time.o(i.rt_itv_wait), (44 bytes).
    Removing rt_time.o(i.rt_time_get), (12 bytes).
    Removing rt_timer.o(i.rt_tmr_create), (80 bytes).
    Removing rt_timer.o(i.rt_tmr_kill), (52 bytes).
    Removing dfixul.o(.text), (48 bytes).
    Removing cdcmple.o(.text), (40 bytes).
    Removing cdrcmple.o(.text), (40 bytes).
    Removing glcd_scroll.o(i.last_line), (32 bytes).
    Removing glcd_scroll.o(i.last_window_line), (32 bytes).

47 unused section(s) (total 3305 bytes) removed from the image.

==============================================================================

Image Symbol Table

    Local Symbols

    Symbol Name                              Value     Ov Type        Size  Object(Section)

    RESET                                    0x00000000   Section      204  startup_lpc17xx.o(RESET)
    ../clib/microlib/division.c              0x00000000   Number         0  uldiv.o ABSOLUTE
    ../clib/microlib/division.c              0x00000000   Number         0  uidiv.o ABSOLUTE
    ../clib/microlib/errno.c                 0x00000000   Number         0  errno.o ABSOLUTE
    ../clib/microlib/init/entry.s            0x00000000   Number         0  entry2.o ABSOLUTE
    ../clib/microlib/init/entry.s            0x00000000   Number         0  entry7b.o ABSOLUTE
    ../clib/microlib/init/entry.s            0x00000000   Number         0  entry.o ABSOLUTE
    ../clib/microlib/init/entry.s            0x00000000   Number         0  entry7a.o ABSOLUTE
    ../clib/microlib/init/entry.s            0x00000000   Number         0  entry8.o ABSOLUTE
    ../clib/microlib/init/entry.s            0x00000000   Number         0  entry5.o ABSOLUTE
    ../clib/microlib/longlong.c              0x00000000   Number         0  llshl.o ABSOLUTE
    ../clib/microlib/longlong.c              0x00000000   Number         0  llushr.o ABSOLUTE
    ../clib/microlib/longlong.c              0x00000000   Number         0  llsshr.o ABSOLUTE
    ../clib/microlib/malloc/malloc.c         0x00000000   Number         0  malloc.o ABSOLUTE
    ../clib/microlib/malloc/malloc.c         0x00000000   Number         0  mallocr.o ABSOLUTE
    ../clib/microlib/malloc/malloc.c         0x00000000   Number         0  malloca.o ABSOLUTE
    ../clib/microlib/malloc/malloc.c         0x00000000   Number         0  mallocra.o ABSOLUTE
    ../clib/microlib/malloc/mvars.c          0x00000000   Number         0  mvars.o ABSOLUTE
    ../clib/microlib/printf/printf.c         0x00000000   Number         0  printf4.o ABSOLUTE
    ../clib/microlib/printf/printf.c         0x00000000   Number         0  printf5.o ABSOLUTE
    ../clib/microlib/printf/printf.c         0x00000000   Number         0  printf6.o ABSOLUTE
    ../clib/microlib/printf/printf.c         0x00000000   Number         0  printfb.o ABSOLUTE
    ../clib/microlib/printf/printf.c         0x00000000   Number         0  printf7.o ABSOLUTE
    ../clib/microlib/printf/printf.c         0x00000000   Number         0  printf3.o ABSOLUTE
    ../clib/microlib/printf/printf.c         0x00000000   Number         0  printf8.o ABSOLUTE
    ../clib/microlib/printf/printf.c         0x00000000   Number         0  printfa.o ABSOLUTE
    ../clib/microlib/printf/printf.c         0x00000000   Number         0  printf0.o ABSOLUTE
    ../clib/microlib/printf/printf.c         0x00000000   Number         0  printf1.o ABSOLUTE
    ../clib/microlib/printf/printf.c         0x00000000   Number         0  printf2.o ABSOLUTE
    ../clib/microlib/printf/stubs.s          0x00000000   Number         0  stubs.o ABSOLUTE
    ../clib/microlib/stdlib/rand.c           0x00000000   Number         0  rand.o ABSOLUTE
    ../clib/microlib/string/memcpy.c         0x00000000   Number         0  memcpyb.o ABSOLUTE
    ../clib/microlib/string/memcpy.c         0x00000000   Number         0  memcpya.o ABSOLUTE
    ../clib/microlib/stubs.s                 0x00000000   Number         0  iusefp.o ABSOLUTE
    ../fplib/microlib/fpadd.c                0x00000000   Number         0  dadd.o ABSOLUTE
    ../fplib/microlib/fpdiv.c                0x00000000   Number         0  ddiv.o ABSOLUTE
    ../fplib/microlib/fpepilogue.c           0x00000000   Number         0  depilogue.o ABSOLUTE
    ../fplib/microlib/fpfix.c                0x00000000   Number         0  dfixui.o ABSOLUTE
    ../fplib/microlib/fpfix.c                0x00000000   Number         0  dfixi.o ABSOLUTE
    ../fplib/microlib/fpfix.c                0x00000000   Number         0  dfixul.o ABSOLUTE
    ../fplib/microlib/fpflt.c                0x00000000   Number         0  dfltui.o ABSOLUTE
    ../fplib/microlib/fpflt.c                0x00000000   Number         0  dflti.o ABSOLUTE
    ../fplib/microlib/fpmul.c                0x00000000   Number         0  dmul.o ABSOLUTE
    ../fplib/microlib/fpscalb.c              0x00000000   Number         0  dscalb.o ABSOLUTE
    ../fplib/microlib/fpsqrt.c               0x00000000   Number         0  dsqrt.o ABSOLUTE
    ../mathlib/acos.c                        0x00000000   Number         0  acos.o ABSOLUTE
    ../mathlib/acos.c                        0x00000000   Number         0  acos_x.o ABSOLUTE
    ../mathlib/cos.c                         0x00000000   Number         0  cos_x.o ABSOLUTE
    ../mathlib/cos.c                         0x00000000   Number         0  cos.o ABSOLUTE
    ../mathlib/cos_i.c                       0x00000000   Number         0  cos_i.o ABSOLUTE
    ../mathlib/dunder.c                      0x00000000   Number         0  dunder.o ABSOLUTE
    ../mathlib/fpclassify.c                  0x00000000   Number         0  fpclassify.o ABSOLUTE
    ../mathlib/poly.c                        0x00000000   Number         0  poly.o ABSOLUTE
    ../mathlib/rred.c                        0x00000000   Number         0  rred.o ABSOLUTE
    ../mathlib/sin.c                         0x00000000   Number         0  sin_x.o ABSOLUTE
    ../mathlib/sin.c                         0x00000000   Number         0  sin.o ABSOLUTE
    ../mathlib/sin_i.c                       0x00000000   Number         0  sin_i_x.o ABSOLUTE
    ../mathlib/sin_i.c                       0x00000000   Number         0  sin_i.o ABSOLUTE
    ../mathlib/sqrt.c                        0x00000000   Number         0  sqrt_x.o ABSOLUTE
    ../mathlib/sqrt.c                        0x00000000   Number         0  sqrt.o ABSOLUTE
    C:\Software\Keil\ARM\Startup\NXP\LPC17xx\system_LPC17xx.c 0x00000000   Number         0  system_lpc17xx.o ABSOLUTE
    C:\\Software\\Keil\\ARM\\Startup\\NXP\\LPC17xx\\system_LPC17xx.c 0x00000000   Number         0  system_lpc17xx.o ABSOLUTE
    GLCD_SPI_LPC1700.c                       0x00000000   Number         0  glcd_spi_lpc1700.o ABSOLUTE
    GLCD_SPI_LPC1700.c                       0x00000000   Number         0  glcd_spi_lpc1700.o ABSOLUTE
    GLCD_Scroll.c                            0x00000000   Number         0  glcd_scroll.o ABSOLUTE
    GLCD_Scroll.c                            0x00000000   Number         0  glcd_scroll.o ABSOLUTE
    RTX_config.c                             0x00000000   Number         0  rtx_config.o ABSOLUTE
    Retarget.c                               0x00000000   Number         0  retarget.o ABSOLUTE
    SRC\CM\HAL_CM3.c                         0x00000000   Number         0  hal_cm3.o ABSOLUTE
    SRC\CM\SVC_Table.s                       0x00000000   Number         0  SVC_Table.o ABSOLUTE
    SRC\CM\rt_Event.c                        0x00000000   Number         0  rt_event.o ABSOLUTE
    SRC\CM\rt_List.c                         0x00000000   Number         0  rt_list.o ABSOLUTE
    SRC\CM\rt_Mailbox.c                      0x00000000   Number         0  rt_mailbox.o ABSOLUTE
    SRC\CM\rt_MemBox.c                       0x00000000   Number         0  rt_membox.o ABSOLUTE
    SRC\CM\rt_Robin.c                        0x00000000   Number         0  rt_robin.o ABSOLUTE
    SRC\CM\rt_Semaphore.c                    0x00000000   Number         0  rt_semaphore.o ABSOLUTE
    SRC\CM\rt_System.c                       0x00000000   Number         0  rt_system.o ABSOLUTE
    SRC\CM\rt_Task.c                         0x00000000   Number         0  rt_task.o ABSOLUTE
    SRC\CM\rt_Time.c                         0x00000000   Number         0  rt_time.o ABSOLUTE
    SRC\CM\rt_Timer.c                        0x00000000   Number         0  rt_timer.o ABSOLUTE
    SRC\\CM\\HAL_CM3.c                       0x00000000   Number         0  hal_cm3.o ABSOLUTE
    SRC\\CM\\rt_System.c                     0x00000000   Number         0  rt_system.o ABSOLUTE
    cdcmple.s                                0x00000000   Number         0  cdcmple.o ABSOLUTE
    cdrcmple.s                               0x00000000   Number         0  cdrcmple.o ABSOLUTE
    dc.s                                     0x00000000   Number         0  dc.o ABSOLUTE
    handlers.s                               0x00000000   Number         0  handlers.o ABSOLUTE
    init.s                                   0x00000000   Number         0  init.o ABSOLUTE
    main.c                                   0x00000000   Number         0  main.o ABSOLUTE
    main.c                                   0x00000000   Number         0  main.o ABSOLUTE
    queue.c                                  0x00000000   Number         0  queue.o ABSOLUTE
    startup_LPC17xx.s                        0x00000000   Number         0  startup_lpc17xx.o ABSOLUTE
    uart.c                                   0x00000000   Number         0  uart.o ABSOLUTE
    uart.c                                   0x00000000   Number         0  uart.o ABSOLUTE
    .ARM.Collect$$$$00000000                 0x000000cc   Section        0  entry.o(.ARM.Collect$$$$00000000)
    .ARM.Collect$$$$00000001                 0x000000cc   Section        4  entry2.o(.ARM.Collect$$$$00000001)
    .ARM.Collect$$$$00000004                 0x000000d0   Section        4  entry5.o(.ARM.Collect$$$$00000004)
    .ARM.Collect$$$$00000008                 0x000000d4   Section        0  entry7b.o(.ARM.Collect$$$$00000008)
    .ARM.Collect$$$$00000009                 0x000000d4   Section        8  entry8.o(.ARM.Collect$$$$00000009)
    .ARM.Collect$$$$00002712                 0x000000dc   Section        4  entry2.o(.ARM.Collect$$$$00002712)
    __lit__00000000                          0x000000dc   Data           4  entry2.o(.ARM.Collect$$$$00002712)
    .emb_text                                0x000000e0   Section      340  hal_cm3.o(.emb_text)
    .text                                    0x00000234   Section       36  startup_lpc17xx.o(.text)
    .text                                    0x00000258   Section        0  retarget.o(.text)
    .text                                    0x000002f8   Section        0  iusefp.o(.text)
    SVC_TABLE                                0x000002f8   Section        4  SVC_Table.o(SVC_TABLE)
    .ARM.__at_0x02FC                         0x000002fc   Section        4  startup_lpc17xx.o(.ARM.__at_0x02FC)
    .text                                    0x00000300   Section        0  glcd_spi_lpc1700.o(.text)
    delay                                    0x00000301   Thumb Code    14  glcd_spi_lpc1700.o(.text)
    spi_tran_man                             0x0000030f   Thumb Code   124  glcd_spi_lpc1700.o(.text)
    wr_cmd                                   0x0000038b   Thumb Code    36  glcd_spi_lpc1700.o(.text)
    wr_dat                                   0x000003af   Thumb Code    36  glcd_spi_lpc1700.o(.text)
    rd_reg                                   0x000003d3   Thumb Code    66  glcd_spi_lpc1700.o(.text)
    rd_id_man                                0x00000415   Thumb Code   132  glcd_spi_lpc1700.o(.text)
    spi_tran                                 0x00000e33   Thumb Code    26  glcd_spi_lpc1700.o(.text)
    wr_dat_start                             0x00000e4d   Thumb Code    16  glcd_spi_lpc1700.o(.text)
    wr_dat_stop                              0x00000e5d   Thumb Code     8  glcd_spi_lpc1700.o(.text)
    wr_dat_only                              0x00000e65   Thumb Code    18  glcd_spi_lpc1700.o(.text)
    wr_reg                                   0x00000e77   Thumb Code    20  glcd_spi_lpc1700.o(.text)
    .text                                    0x00000ea4   Section        0  rtx_config.o(.text)
    .text                                    0x00000eb0   Section        0  uart.o(.text)
    NVIC_EnableIRQ                           0x00001209   Thumb Code    24  uart.o(.text)
    .text                                    0x0000125c   Section        0  main.o(.text)
    .text                                    0x00002534   Section        0  queue.o(.text)
    .text                                    0x000025a8   Section        0  system_lpc17xx.o(.text)
    .text                                    0x000028c0   Section        0  uldiv.o(.text)
    .text                                    0x00002924   Section        0  rand.o(.text)
    .text                                    0x00002948   Section        0  dadd.o(.text)
    .text                                    0x00002a96   Section        0  dmul.o(.text)
    .text                                    0x00002b7a   Section        0  ddiv.o(.text)
    .text                                    0x00002c58   Section        0  dflti.o(.text)
    .text                                    0x00002c7a   Section        0  dfixi.o(.text)
    .text                                    0x00002cb8   Section        0  dfixui.o(.text)
    .text                                    0x00002cea   Section        0  uidiv.o(.text)
    .text                                    0x00002d16   Section        0  llshl.o(.text)
    .text                                    0x00002d34   Section        0  llushr.o(.text)
    .text                                    0x00002d54   Section        0  llsshr.o(.text)
    .text                                    0x00002d78   Section        0  depilogue.o(.text)
    .text                                    0x00002e36   Section        0  dscalb.o(.text)
    .text                                    0x00002e64   Section        0  dsqrt.o(.text)
    .text                                    0x00002f08   Section       36  init.o(.text)
    .text                                    0x00002f2c   Section        0  dfltui.o(.text)
    i.__0printf$1                            0x00002f48   Section        0  printf1.o(i.__0printf$1)
    i.__0sprintf$1                           0x00002f68   Section        0  printf1.o(i.__0sprintf$1)
    i.__ARM_fpclassify                       0x00002f90   Section        0  fpclassify.o(i.__ARM_fpclassify)
    i.__ieee754_rem_pio2                     0x00002fb8   Section        0  rred.o(i.__ieee754_rem_pio2)
    i.__kernel_cos                           0x00003340   Section        0  cos_i.o(i.__kernel_cos)
    i.__kernel_poly                          0x0000343c   Section        0  poly.o(i.__kernel_poly)
    i.__kernel_sin                           0x000034e8   Section        0  sin_i.o(i.__kernel_sin)
    i.__mathlib_dbl_underflow                0x000035d4   Section        0  dunder.o(i.__mathlib_dbl_underflow)
    i.__scatterload_copy                     0x000035e4   Section       14  handlers.o(i.__scatterload_copy)
    i.__scatterload_null                     0x000035f2   Section        2  handlers.o(i.__scatterload_null)
    i.__scatterload_zeroinit                 0x000035f4   Section       14  handlers.o(i.__scatterload_zeroinit)
    i.__set_errno                            0x00003604   Section        0  errno.o(i.__set_errno)
    i._init_box                              0x00003610   Section        0  rt_membox.o(i._init_box)
    i._printf_core                           0x00003658   Section        0  printf1.o(i._printf_core)
    _printf_core                             0x00003659   Thumb Code   334  printf1.o(i._printf_core)
    i._sputc                                 0x000037ac   Section        0  printf1.o(i._sputc)
    _sputc                                   0x000037ad   Thumb Code    10  printf1.o(i._sputc)
    i.acos                                   0x000037b8   Section        0  acos.o(i.acos)
    i.cos                                    0x00003a40   Section        0  cos.o(i.cos)
    i.dbg_init                               0x00003aec   Section        0  hal_cm3.o(i.dbg_init)
    i.dbg_task_notify                        0x00003b1c   Section        0  hal_cm3.o(i.dbg_task_notify)
    i.dbg_task_switch                        0x00003b3c   Section        0  hal_cm3.o(i.dbg_task_switch)
    i.free                                   0x00003b4c   Section        0  malloc.o(i.free)
    i.malloc                                 0x00003b9c   Section        0  malloc.o(i.malloc)
    i.os_tick_init                           0x00003c08   Section        0  rt_system.o(i.os_tick_init)
    i.os_tick_irqack                         0x00003c30   Section        0  rt_system.o(i.os_tick_irqack)
    i.rt_alloc_box                           0x00003c32   Section        0  rt_membox.o(i.rt_alloc_box)
    i.rt_block                               0x00003c4c   Section        0  rt_task.o(i.rt_block)
    i.rt_chk_robin                           0x00003c84   Section        0  rt_robin.o(i.rt_chk_robin)
    i.rt_dec_dly                             0x00003ccc   Section        0  rt_list.o(i.rt_dec_dly)
    i.rt_dispatch                            0x00003d40   Section        0  rt_task.o(i.rt_dispatch)
    i.rt_evt_psh                             0x00003d84   Section        0  rt_event.o(i.rt_evt_psh)
    i.rt_free_box                            0x00003dd0   Section        0  rt_membox.o(i.rt_free_box)
    i.rt_get_first                           0x00003df0   Section        0  rt_list.o(i.rt_get_first)
    i.rt_get_same_rdy_prio                   0x00003e18   Section        0  rt_list.o(i.rt_get_same_rdy_prio)
    i.rt_init_context                        0x00003e3c   Section        0  rt_task.o(i.rt_init_context)
    rt_init_context                          0x00003e3d   Thumb Code    64  rt_task.o(i.rt_init_context)
    i.rt_init_robin                          0x00003e80   Section        0  rt_robin.o(i.rt_init_robin)
    i.rt_init_stack                          0x00003e98   Section        0  hal_cm3.o(i.rt_init_stack)
    i.rt_mbx_psh                             0x00003ee8   Section        0  rt_mailbox.o(i.rt_mbx_psh)
    i.rt_pop_req                             0x00003fa8   Section        0  rt_system.o(i.rt_pop_req)
    i.rt_put_dly                             0x00004020   Section        0  rt_list.o(i.rt_put_dly)
    i.rt_put_prio                            0x00004068   Section        0  rt_list.o(i.rt_put_prio)
    i.rt_put_rdy_first                       0x000040a0   Section        0  rt_list.o(i.rt_put_rdy_first)
    i.rt_rmv_dly                             0x000040b4   Section        0  rt_list.o(i.rt_rmv_dly)
    i.rt_rmv_list                            0x000040dc   Section        0  rt_list.o(i.rt_rmv_list)
    i.rt_sem_init                            0x0000410c   Section        0  rt_semaphore.o(i.rt_sem_init)
    i.rt_sem_psh                             0x00004118   Section        0  rt_semaphore.o(i.rt_sem_psh)
    i.rt_sem_send                            0x0000414c   Section        0  rt_semaphore.o(i.rt_sem_send)
    i.rt_sem_wait                            0x00004184   Section        0  rt_semaphore.o(i.rt_sem_wait)
    i.rt_stk_check                           0x000041c0   Section        0  rt_system.o(i.rt_stk_check)
    i.rt_switch_req                          0x000041e4   Section        0  rt_task.o(i.rt_switch_req)
    i.rt_sys_init                            0x0000420c   Section        0  rt_task.o(i.rt_sys_init)
    i.rt_systick                             0x00004364   Section        0  rt_system.o(i.rt_systick)
    i.rt_tmr_tick                            0x000043a0   Section        0  rt_timer.o(i.rt_tmr_tick)
    i.rt_tsk_create                          0x000043e0   Section        0  rt_task.o(i.rt_tsk_create)
    i.rt_tsk_delete                          0x00004474   Section        0  rt_task.o(i.rt_tsk_delete)
    i.rt_tsk_pass                            0x00004530   Section        0  rt_task.o(i.rt_tsk_pass)
    i.sin                                    0x00004560   Section        0  sin.o(i.sin)
    i.sqrt                                   0x00004610   Section        0  sqrt.o(i.sqrt)
    .constdata                               0x0000465e   Section     6272  glcd_spi_lpc1700.o(.constdata)
    .constdata                               0x00005ee0   Section       40  rtx_config.o(.constdata)
    __tagsym$$used                           0x00005ef4   Number         0  rtx_config.o(.constdata)
    __tagsym$$used                           0x00005ef8   Number         0  rtx_config.o(.constdata)
    .constdata                               0x00005f08   Section       80  acos.o(.constdata)
    pS                                       0x00005f08   Data          48  acos.o(.constdata)
    qS                                       0x00005f38   Data          32  acos.o(.constdata)
    .constdata                               0x00005f58   Section       48  cos_i.o(.constdata)
    C                                        0x00005f58   Data          48  cos_i.o(.constdata)
    .constdata                               0x00005f88   Section      200  rred.o(.constdata)
    pio2s                                    0x00005f88   Data          48  rred.o(.constdata)
    twooverpi                                0x00005fb8   Data         152  rred.o(.constdata)
    .constdata                               0x00006050   Section       40  sin_i.o(.constdata)
    S                                        0x00006050   Data          40  sin_i.o(.constdata)
    .data                                    0x10000000   Section        5  glcd_spi_lpc1700.o(.data)
    Color                                    0x10000000   Data           4  glcd_spi_lpc1700.o(.data)
    Himax                                    0x10000004   Data           1  glcd_spi_lpc1700.o(.data)
    .data                                    0x10000008   Section       12  retarget.o(.data)
    .data                                    0x10000014   Section        4  rtx_config.o(.data)
    .data                                    0x10000018   Section       32  uart.o(.data)
    .data                                    0x10000038   Section      116  main.o(.data)
    .data                                    0x100000ac   Section        4  system_lpc17xx.o(.data)
    .data                                    0x100000b0   Section        8  rt_task.o(.data)
    .data                                    0x100000b8   Section        1  hal_cm3.o(.data)
    .data                                    0x100000bc   Section        8  rt_system.o(.data)
    os_lock                                  0x100000bc   Data           1  rt_system.o(.data)
    os_psh_flag                              0x100000bd   Data           1  rt_system.o(.data)
    pend_flags                               0x100000be   Data           1  rt_system.o(.data)
    .data                                    0x100000c4   Section        8  rt_robin.o(.data)
    .data                                    0x100000cc   Section        4  rt_time.o(.data)
    .data                                    0x100000d0   Section        8  rt_timer.o(.data)
    .data                                    0x100000d8   Section        4  rand.o(.data)
    _rand_state                              0x100000d8   Data           4  rand.o(.data)
    .data                                    0x100000dc   Section        4  mvars.o(.data)
    .data                                    0x100000e0   Section        4  mvars.o(.data)
    .data                                    0x100000e4   Section        4  errno.o(.data)
    _errno                                   0x100000e4   Data           4  errno.o(.data)
    .bss                                     0x100000e8   Section     4060  rtx_config.o(.bss)
    .bss                                     0x100010c4   Section      128  uart.o(.bss)
    .bss                                     0x10001148   Section     2064  main.o(.bss)
    .bss                                     0x10001958   Section       48  rt_task.o(.bss)
    .bss                                     0x10001988   Section       48  rt_list.o(.bss)
    HEAP                                     0x100019b8   Section     8192  startup_lpc17xx.o(HEAP)
    STACK                                    0x100039b8   Section     8192  startup_lpc17xx.o(STACK)

    Global Symbols

    Symbol Name                              Value     Ov Type        Size  Object(Section)

    BuildAttributes$$THM_ISAv4$P$D$K$B$S$PE$A:L22UL41UL21$X:L11$S22US41US21$IEEE1$IW$USESV6$~STKCKD$USESV7$~SHL$OTIME$ROPI$IEEEX$EBA8$MICROLIB$REQ8$PRES8$EABIv2 0x00000000   Number         0  anon$$obj.o ABSOLUTE
    __ARM_use_no_argv                        0x00000000   Number         0  main.o ABSOLUTE
    __Vectors                                0x00000000   Data           4  startup_lpc17xx.o(RESET)
    _printf_a                                0x00000000   Number         0  stubs.o ABSOLUTE
    _printf_c                                0x00000000   Number         0  stubs.o ABSOLUTE
    _printf_charcount                        0x00000000   Number         0  stubs.o ABSOLUTE
    _printf_d                                0x00000000   Number         0  stubs.o ABSOLUTE
    _printf_e                                0x00000000   Number         0  stubs.o ABSOLUTE
    _printf_f                                0x00000000   Number         0  stubs.o ABSOLUTE
    _printf_flags                            0x00000000   Number         0  stubs.o ABSOLUTE
    _printf_fp_dec                           0x00000000   Number         0  stubs.o ABSOLUTE
    _printf_fp_hex                           0x00000000   Number         0  stubs.o ABSOLUTE
    _printf_g                                0x00000000   Number         0  stubs.o ABSOLUTE
    _printf_i                                0x00000000   Number         0  stubs.o ABSOLUTE
    _printf_int_dec                          0x00000000   Number         0  stubs.o ABSOLUTE
    _printf_l                                0x00000000   Number         0  stubs.o ABSOLUTE
    _printf_lc                               0x00000000   Number         0  stubs.o ABSOLUTE
    _printf_ll                               0x00000000   Number         0  stubs.o ABSOLUTE
    _printf_lld                              0x00000000   Number         0  stubs.o ABSOLUTE
    _printf_lli                              0x00000000   Number         0  stubs.o ABSOLUTE
    _printf_llo                              0x00000000   Number         0  stubs.o ABSOLUTE
    _printf_llu                              0x00000000   Number         0  stubs.o ABSOLUTE
    _printf_llx                              0x00000000   Number         0  stubs.o ABSOLUTE
    _printf_longlong_dec                     0x00000000   Number         0  stubs.o ABSOLUTE
    _printf_longlong_hex                     0x00000000   Number         0  stubs.o ABSOLUTE
    _printf_longlong_oct                     0x00000000   Number         0  stubs.o ABSOLUTE
    _printf_ls                               0x00000000   Number         0  stubs.o ABSOLUTE
    _printf_mbtowc                           0x00000000   Number         0  stubs.o ABSOLUTE
    _printf_n                                0x00000000   Number         0  stubs.o ABSOLUTE
    _printf_o                                0x00000000   Number         0  stubs.o ABSOLUTE
    _printf_p                                0x00000000   Number         0  stubs.o ABSOLUTE
    _printf_percent                          0x00000000   Number         0  stubs.o ABSOLUTE
    _printf_pre_padding                      0x00000000   Number         0  stubs.o ABSOLUTE
    _printf_return_value                     0x00000000   Number         0  stubs.o ABSOLUTE
    _printf_s                                0x00000000   Number         0  stubs.o ABSOLUTE
    _printf_sizespec                         0x00000000   Number         0  stubs.o ABSOLUTE
    _printf_str                              0x00000000   Number         0  stubs.o ABSOLUTE
    _printf_truncate_signed                  0x00000000   Number         0  stubs.o ABSOLUTE
    _printf_truncate_unsigned                0x00000000   Number         0  stubs.o ABSOLUTE
    _printf_u                                0x00000000   Number         0  stubs.o ABSOLUTE
    _printf_wc                               0x00000000   Number         0  stubs.o ABSOLUTE
    _printf_wctomb                           0x00000000   Number         0  stubs.o ABSOLUTE
    _printf_widthprec                        0x00000000   Number         0  stubs.o ABSOLUTE
    _printf_x                                0x00000000   Number         0  stubs.o ABSOLUTE
    __decompress                              - Undefined Weak Reference
    _clock_init                               - Undefined Weak Reference
    __main                                   0x000000cd   Thumb Code     0  entry.o(.ARM.Collect$$$$00000000)
    _main_stk                                0x000000cd   Thumb Code     0  entry2.o(.ARM.Collect$$$$00000001)
    _main_scatterload                        0x000000d1   Thumb Code     0  entry5.o(.ARM.Collect$$$$00000004)
    __main_after_scatterload                 0x000000d5   Thumb Code     0  entry5.o(.ARM.Collect$$$$00000004)
    _main_clock                              0x000000d5   Thumb Code     0  entry7b.o(.ARM.Collect$$$$00000008)
    _main_init                               0x000000d5   Thumb Code     0  entry8.o(.ARM.Collect$$$$00000009)
    rt_set_PSP                               0x000000e1   Thumb Code     6  hal_cm3.o(.emb_text)
    rt_get_PSP                               0x000000e7   Thumb Code     6  hal_cm3.o(.emb_text)
    os_set_env                               0x000000ed   Thumb Code    24  hal_cm3.o(.emb_text)
    _alloc_box                               0x00000109   Thumb Code    28  hal_cm3.o(.emb_text)
    _free_box                                0x00000129   Thumb Code    28  hal_cm3.o(.emb_text)
    SVC_Handler                              0x00000149   Thumb Code   124  hal_cm3.o(.emb_text)
    PendSV_Handler                           0x000001d1   Thumb Code    76  hal_cm3.o(.emb_text)
    SysTick_Handler                          0x00000221   Thumb Code     8  hal_cm3.o(.emb_text)
    OS_Tick_Handler                          0x00000229   Thumb Code    12  hal_cm3.o(.emb_text)
    Reset_Handler                            0x00000235   Thumb Code     8  startup_lpc17xx.o(.text)
    NMI_Handler                              0x0000023d   Thumb Code     2  startup_lpc17xx.o(.text)
    HardFault_Handler                        0x0000023f   Thumb Code     2  startup_lpc17xx.o(.text)
    MemManage_Handler                        0x00000241   Thumb Code     2  startup_lpc17xx.o(.text)
    BusFault_Handler                         0x00000243   Thumb Code     2  startup_lpc17xx.o(.text)
    UsageFault_Handler                       0x00000245   Thumb Code     2  startup_lpc17xx.o(.text)
    DebugMon_Handler                         0x00000249   Thumb Code     2  startup_lpc17xx.o(.text)
    ADC_IRQHandler                           0x0000024f   Thumb Code     0  startup_lpc17xx.o(.text)
    BOD_IRQHandler                           0x0000024f   Thumb Code     0  startup_lpc17xx.o(.text)
    CANActivity_IRQHandler                   0x0000024f   Thumb Code     0  startup_lpc17xx.o(.text)
    CAN_IRQHandler                           0x0000024f   Thumb Code     0  startup_lpc17xx.o(.text)
    DMA_IRQHandler                           0x0000024f   Thumb Code     0  startup_lpc17xx.o(.text)
    EINT0_IRQHandler                         0x0000024f   Thumb Code     0  startup_lpc17xx.o(.text)
    EINT1_IRQHandler                         0x0000024f   Thumb Code     0  startup_lpc17xx.o(.text)
    EINT2_IRQHandler                         0x0000024f   Thumb Code     0  startup_lpc17xx.o(.text)
    EINT3_IRQHandler                         0x0000024f   Thumb Code     0  startup_lpc17xx.o(.text)
    ENET_IRQHandler                          0x0000024f   Thumb Code     0  startup_lpc17xx.o(.text)
    I2C0_IRQHandler                          0x0000024f   Thumb Code     0  startup_lpc17xx.o(.text)
    I2C1_IRQHandler                          0x0000024f   Thumb Code     0  startup_lpc17xx.o(.text)
    I2C2_IRQHandler                          0x0000024f   Thumb Code     0  startup_lpc17xx.o(.text)
    I2S_IRQHandler                           0x0000024f   Thumb Code     0  startup_lpc17xx.o(.text)
    MCPWM_IRQHandler                         0x0000024f   Thumb Code     0  startup_lpc17xx.o(.text)
    PLL0_IRQHandler                          0x0000024f   Thumb Code     0  startup_lpc17xx.o(.text)
    PLL1_IRQHandler                          0x0000024f   Thumb Code     0  startup_lpc17xx.o(.text)
    PWM1_IRQHandler                          0x0000024f   Thumb Code     0  startup_lpc17xx.o(.text)
    QEI_IRQHandler                           0x0000024f   Thumb Code     0  startup_lpc17xx.o(.text)
    RIT_IRQHandler                           0x0000024f   Thumb Code     0  startup_lpc17xx.o(.text)
    RTC_IRQHandler                           0x0000024f   Thumb Code     0  startup_lpc17xx.o(.text)
    SPI_IRQHandler                           0x0000024f   Thumb Code     0  startup_lpc17xx.o(.text)
    SSP0_IRQHandler                          0x0000024f   Thumb Code     0  startup_lpc17xx.o(.text)
    SSP1_IRQHandler                          0x0000024f   Thumb Code     0  startup_lpc17xx.o(.text)
    TIMER0_IRQHandler                        0x0000024f   Thumb Code     0  startup_lpc17xx.o(.text)
    TIMER1_IRQHandler                        0x0000024f   Thumb Code     0  startup_lpc17xx.o(.text)
    TIMER2_IRQHandler                        0x0000024f   Thumb Code     0  startup_lpc17xx.o(.text)
    TIMER3_IRQHandler                        0x0000024f   Thumb Code     0  startup_lpc17xx.o(.text)
    UART2_IRQHandler                         0x0000024f   Thumb Code     0  startup_lpc17xx.o(.text)
    UART3_IRQHandler                         0x0000024f   Thumb Code     0  startup_lpc17xx.o(.text)
    USBActivity_IRQHandler                   0x0000024f   Thumb Code     0  startup_lpc17xx.o(.text)
    USB_IRQHandler                           0x0000024f   Thumb Code     0  startup_lpc17xx.o(.text)
    WDT_IRQHandler                           0x0000024f   Thumb Code     0  startup_lpc17xx.o(.text)
    sendchar                                 0x00000259   Thumb Code    64  retarget.o(.text)
    getkey                                   0x00000299   Thumb Code    32  retarget.o(.text)
    fputc                                    0x000002b9   Thumb Code    14  retarget.o(.text)
    fgetc                                    0x000002c7   Thumb Code    20  retarget.o(.text)
    ferror                                   0x000002db   Thumb Code     8  retarget.o(.text)
    _ttywrch                                 0x000002e3   Thumb Code    12  retarget.o(.text)
    _sys_exit                                0x000002ef   Thumb Code     4  retarget.o(.text)
    SVC_Count                                0x000002f8   Data           4  SVC_Table.o(SVC_TABLE)
    __I$use$fp                               0x000002f9   Thumb Code     0  iusefp.o(.text)
    SVC_Table                                0x000002fc   Data           0  SVC_Table.o(SVC_TABLE)
    __RL_RTX_VER                             0x00000460   Number         0  rt_system.o ABSOLUTE
    GLCD_Init                                0x00000499   Thumb Code  1514  glcd_spi_lpc1700.o(.text)
    GLCD_SetWindow                           0x00000a83   Thumb Code   168  glcd_spi_lpc1700.o(.text)
    GLCD_WindowMax                           0x00000b2b   Thumb Code    26  glcd_spi_lpc1700.o(.text)
    GLCD_PutPixel                            0x00000b45   Thumb Code   118  glcd_spi_lpc1700.o(.text)
    GLCD_SetTextColor                        0x00000bbb   Thumb Code     6  glcd_spi_lpc1700.o(.text)
    GLCD_SetBackColor                        0x00000bc1   Thumb Code     6  glcd_spi_lpc1700.o(.text)
    GLCD_Clear                               0x00000bc7   Thumb Code    42  glcd_spi_lpc1700.o(.text)
    GLCD_DrawChar                            0x00000bf1   Thumb Code   150  glcd_spi_lpc1700.o(.text)
    GLCD_DisplayChar                         0x00000c87   Thumb Code    84  glcd_spi_lpc1700.o(.text)
    GLCD_DisplayString                       0x00000cdb   Thumb Code    40  glcd_spi_lpc1700.o(.text)
    GLCD_ClearLn                             0x00000d03   Thumb Code    94  glcd_spi_lpc1700.o(.text)
    GLCD_Bargraph                            0x00000d61   Thumb Code    98  glcd_spi_lpc1700.o(.text)
    GLCD_Bitmap                              0x00000dc3   Thumb Code    82  glcd_spi_lpc1700.o(.text)
    GLCD_ScrollVertical                      0x00000e15   Thumb Code     2  glcd_spi_lpc1700.o(.text)
    GLCD_WrCmd                               0x00000e17   Thumb Code    12  glcd_spi_lpc1700.o(.text)
    GLCD_WrReg                               0x00000e23   Thumb Code    16  glcd_spi_lpc1700.o(.text)
    os_idle_demon                            0x00000ea5   Thumb Code     4  rtx_config.o(.text)
    os_tmr_call                              0x00000ea9   Thumb Code     2  rtx_config.o(.text)
    os_error                                 0x00000eab   Thumb Code     4  rtx_config.o(.text)
    Free                                     0x00000eb1   Thumb Code     6  uart.o(.text)
    Lock                                     0x00000eb7   Thumb Code    28  uart.o(.text)
    LockRcv                                  0x00000ed3   Thumb Code    28  uart.o(.text)
    LockSnd                                  0x00000eef   Thumb Code    28  uart.o(.text)
    FreeRcv                                  0x00000f0b   Thumb Code    28  uart.o(.text)
    FreeSnd                                  0x00000f27   Thumb Code    28  uart.o(.text)
    UART0_IRQHandler                         0x00000f43   Thumb Code    86  uart.o(.text)
    UART1_IRQHandler                         0x00000f99   Thumb Code    88  uart.o(.text)
    getFrequency                             0x00000ff1   Thumb Code    64  uart.o(.text)
    UARTInit                                 0x00001031   Thumb Code   176  uart.o(.text)
    UARTSend                                 0x000010e1   Thumb Code   112  uart.o(.text)
    UARTSendChar                             0x00001151   Thumb Code    24  uart.o(.text)
    UARTRecieve                              0x00001169   Thumb Code   134  uart.o(.text)
    UARTReceiveChar                          0x000011ef   Thumb Code    26  uart.o(.text)
    printLED                                 0x0000125d   Thumb Code   234  main.o(.text)
    drawEnemy                                0x00001347   Thumb Code    86  main.o(.text)
    checkPlayerCollision                     0x0000139d   Thumb Code   108  main.o(.text)
    drawBullet                               0x00001409   Thumb Code    86  main.o(.text)
    checkBulletCollision                     0x0000145f   Thumb Code   230  main.o(.text)
    drawPlayer                               0x00001545   Thumb Code   438  main.o(.text)
    RenderTask                               0x000016fb   Thumb Code   394  main.o(.text)
    moveBullet                               0x00001885   Thumb Code   304  main.o(.text)
    fireBullet                               0x000019b5   Thumb Code   124  main.o(.text)
    BulletTask                               0x00001a31   Thumb Code    82  main.o(.text)
    moveEnemy                                0x00001a83   Thumb Code   526  main.o(.text)
    generateEnemy                            0x00001c91   Thumb Code   134  main.o(.text)
    EnemyTask                                0x00001d17   Thumb Code   104  main.o(.text)
    getPlayerAngle                           0x00001d7f   Thumb Code   108  main.o(.text)
    PlayerTask                               0x00001deb   Thumb Code    46  main.o(.text)
    start_tasks                              0x00001e19   Thumb Code   132  main.o(.text)
    initBulletPoints                         0x00001e9d   Thumb Code   296  main.o(.text)
    initEnemyPoints                          0x00001fc5   Thumb Code   448  main.o(.text)
    initPlayerPoints                         0x00002185   Thumb Code   628  main.o(.text)
    initLED                                  0x000023f9   Thumb Code    44  main.o(.text)
    initPotentiometer                        0x00002425   Thumb Code    44  main.o(.text)
    initialize                               0x00002451   Thumb Code   112  main.o(.text)
    main                                     0x000024c1   Thumb Code    34  main.o(.text)
    enqueue                                  0x00002535   Thumb Code    30  queue.o(.text)
    dequeue                                  0x00002553   Thumb Code    58  queue.o(.text)
    print_list                               0x0000258d   Thumb Code    24  queue.o(.text)
    SystemCoreClockUpdate                    0x000025a9   Thumb Code   424  system_lpc17xx.o(.text)
    SystemInit                               0x00002751   Thumb Code   290  system_lpc17xx.o(.text)
    __aeabi_uldivmod                         0x000028c1   Thumb Code    98  uldiv.o(.text)
    rand                                     0x00002925   Thumb Code    20  rand.o(.text)
    srand                                    0x00002939   Thumb Code     6  rand.o(.text)
    __aeabi_dadd                             0x00002949   Thumb Code   322  dadd.o(.text)
    __aeabi_dsub                             0x00002a8b   Thumb Code     6  dadd.o(.text)
    __aeabi_drsub                            0x00002a91   Thumb Code     6  dadd.o(.text)
    __aeabi_dmul                             0x00002a97   Thumb Code   228  dmul.o(.text)
    __aeabi_ddiv                             0x00002b7b   Thumb Code   222  ddiv.o(.text)
    __aeabi_i2d                              0x00002c59   Thumb Code    34  dflti.o(.text)
    __aeabi_d2iz                             0x00002c7b   Thumb Code    62  dfixi.o(.text)
    __aeabi_d2uiz                            0x00002cb9   Thumb Code    50  dfixui.o(.text)
    __aeabi_uidiv                            0x00002ceb   Thumb Code     0  uidiv.o(.text)
    __aeabi_uidivmod                         0x00002ceb   Thumb Code    44  uidiv.o(.text)
    __aeabi_llsl                             0x00002d17   Thumb Code    30  llshl.o(.text)
    _ll_shift_l                              0x00002d17   Thumb Code     0  llshl.o(.text)
    __aeabi_llsr                             0x00002d35   Thumb Code    32  llushr.o(.text)
    _ll_ushift_r                             0x00002d35   Thumb Code     0  llushr.o(.text)
    __aeabi_lasr                             0x00002d55   Thumb Code    36  llsshr.o(.text)
    _ll_sshift_r                             0x00002d55   Thumb Code     0  llsshr.o(.text)
    _double_round                            0x00002d79   Thumb Code    26  depilogue.o(.text)
    _double_epilogue                         0x00002d93   Thumb Code   164  depilogue.o(.text)
    __ARM_scalbn                             0x00002e37   Thumb Code    46  dscalb.o(.text)
    scalbn                                   0x00002e37   Thumb Code     0  dscalb.o(.text)
    _dsqrt                                   0x00002e65   Thumb Code   162  dsqrt.o(.text)
    __scatterload                            0x00002f09   Thumb Code    28  init.o(.text)
    __scatterload_rt2                        0x00002f09   Thumb Code     0  init.o(.text)
    __aeabi_ui2d                             0x00002f2d   Thumb Code    26  dfltui.o(.text)
    __0printf$1                              0x00002f49   Thumb Code    22  printf1.o(i.__0printf$1)
    __1printf$1                              0x00002f49   Thumb Code     0  printf1.o(i.__0printf$1)
    __2printf                                0x00002f49   Thumb Code     0  printf1.o(i.__0printf$1)
    __0sprintf$1                             0x00002f69   Thumb Code    34  printf1.o(i.__0sprintf$1)
    __1sprintf$1                             0x00002f69   Thumb Code     0  printf1.o(i.__0sprintf$1)
    __2sprintf                               0x00002f69   Thumb Code     0  printf1.o(i.__0sprintf$1)
    __ARM_fpclassify                         0x00002f91   Thumb Code    40  fpclassify.o(i.__ARM_fpclassify)
    __ieee754_rem_pio2                       0x00002fb9   Thumb Code   832  rred.o(i.__ieee754_rem_pio2)
    __kernel_cos                             0x00003341   Thumb Code   230  cos_i.o(i.__kernel_cos)
    __kernel_poly                            0x0000343d   Thumb Code   170  poly.o(i.__kernel_poly)
    __kernel_sin                             0x000034e9   Thumb Code   224  sin_i.o(i.__kernel_sin)
    __mathlib_dbl_underflow                  0x000035d5   Thumb Code    10  dunder.o(i.__mathlib_dbl_underflow)
    __scatterload_copy                       0x000035e5   Thumb Code    14  handlers.o(i.__scatterload_copy)
    __scatterload_null                       0x000035f3   Thumb Code     2  handlers.o(i.__scatterload_null)
    __scatterload_zeroinit                   0x000035f5   Thumb Code    14  handlers.o(i.__scatterload_zeroinit)
    __set_errno                              0x00003605   Thumb Code     6  errno.o(i.__set_errno)
    _init_box                                0x00003611   Thumb Code    70  rt_membox.o(i._init_box)
    acos                                     0x000037b9   Thumb Code   586  acos.o(i.acos)
    cos                                      0x00003a41   Thumb Code   164  cos.o(i.cos)
    dbg_init                                 0x00003aed   Thumb Code    34  hal_cm3.o(i.dbg_init)
    dbg_task_notify                          0x00003b1d   Thumb Code    32  hal_cm3.o(i.dbg_task_notify)
    dbg_task_switch                          0x00003b3d   Thumb Code    16  hal_cm3.o(i.dbg_task_switch)
    free                                     0x00003b4d   Thumb Code    76  malloc.o(i.free)
    malloc                                   0x00003b9d   Thumb Code    92  malloc.o(i.malloc)
    os_tick_init                             0x00003c09   Thumb Code    32  rt_system.o(i.os_tick_init)
    os_tick_irqack                           0x00003c31   Thumb Code     2  rt_system.o(i.os_tick_irqack)
    rt_alloc_box                             0x00003c33   Thumb Code    26  rt_membox.o(i.rt_alloc_box)
    rt_block                                 0x00003c4d   Thumb Code    48  rt_task.o(i.rt_block)
    rt_chk_robin                             0x00003c85   Thumb Code    60  rt_robin.o(i.rt_chk_robin)
    rt_dec_dly                               0x00003ccd   Thumb Code   106  rt_list.o(i.rt_dec_dly)
    rt_dispatch                              0x00003d41   Thumb Code    60  rt_task.o(i.rt_dispatch)
    rt_evt_psh                               0x00003d85   Thumb Code    72  rt_event.o(i.rt_evt_psh)
    rt_free_box                              0x00003dd1   Thumb Code    32  rt_membox.o(i.rt_free_box)
    rt_get_first                             0x00003df1   Thumb Code    40  rt_list.o(i.rt_get_first)
    rt_get_same_rdy_prio                     0x00003e19   Thumb Code    26  rt_list.o(i.rt_get_same_rdy_prio)
    rt_init_robin                            0x00003e81   Thumb Code    14  rt_robin.o(i.rt_init_robin)
    rt_init_stack                            0x00003e99   Thumb Code    70  hal_cm3.o(i.rt_init_stack)
    rt_mbx_psh                               0x00003ee9   Thumb Code   188  rt_mailbox.o(i.rt_mbx_psh)
    rt_pop_req                               0x00003fa9   Thumb Code   106  rt_system.o(i.rt_pop_req)
    rt_put_dly                               0x00004021   Thumb Code    68  rt_list.o(i.rt_put_dly)
    rt_put_prio                              0x00004069   Thumb Code    54  rt_list.o(i.rt_put_prio)
    rt_put_rdy_first                         0x000040a1   Thumb Code    14  rt_list.o(i.rt_put_rdy_first)
    rt_rmv_dly                               0x000040b5   Thumb Code    40  rt_list.o(i.rt_rmv_dly)
    rt_rmv_list                              0x000040dd   Thumb Code    44  rt_list.o(i.rt_rmv_list)
    rt_sem_init                              0x0000410d   Thumb Code    12  rt_semaphore.o(i.rt_sem_init)
    rt_sem_psh                               0x00004119   Thumb Code    46  rt_semaphore.o(i.rt_sem_psh)
    rt_sem_send                              0x0000414d   Thumb Code    52  rt_semaphore.o(i.rt_sem_send)
    rt_sem_wait                              0x00004185   Thumb Code    56  rt_semaphore.o(i.rt_sem_wait)
    rt_stk_check                             0x000041c1   Thumb Code    28  rt_system.o(i.rt_stk_check)
    rt_switch_req                            0x000041e5   Thumb Code    30  rt_task.o(i.rt_switch_req)
    rt_sys_init                              0x0000420d   Thumb Code   266  rt_task.o(i.rt_sys_init)
    rt_systick                               0x00004365   Thumb Code    48  rt_system.o(i.rt_systick)
    rt_tmr_tick                              0x000043a1   Thumb Code    56  rt_timer.o(i.rt_tmr_tick)
    rt_tsk_create                            0x000043e1   Thumb Code   126  rt_task.o(i.rt_tsk_create)
    rt_tsk_delete                            0x00004475   Thumb Code   162  rt_task.o(i.rt_tsk_delete)
    rt_tsk_pass                              0x00004531   Thumb Code    38  rt_task.o(i.rt_tsk_pass)
    sin                                      0x00004561   Thumb Code   166  sin.o(i.sin)
    sqrt                                     0x00004611   Thumb Code    78  sqrt.o(i.sqrt)
    Font_6x8_h                               0x0000465e   Data         896  glcd_spi_lpc1700.o(.constdata)
    Font_16x24_h                             0x000049de   Data        5376  glcd_spi_lpc1700.o(.constdata)
    os_maxtaskrun                            0x00005ee0   Data           2  rtx_config.o(.constdata)
    os_stackinfo                             0x00005ee4   Data           4  rtx_config.o(.constdata)
    os_rrobin                                0x00005ee8   Data           4  rtx_config.o(.constdata)
    os_trv                                   0x00005eec   Data           4  rtx_config.o(.constdata)
    os_flags                                 0x00005ef0   Data           1  rtx_config.o(.constdata)
    os_clockrate                             0x00005ef4   Data           4  rtx_config.o(.constdata)
    os_timernum                              0x00005ef8   Data           4  rtx_config.o(.constdata)
    mp_tcb_size                              0x00005efc   Data           2  rtx_config.o(.constdata)
    mp_stk_size                              0x00005f00   Data           4  rtx_config.o(.constdata)
    os_fifo_size                             0x00005f04   Data           1  rtx_config.o(.constdata)
    mp_tmr_size                              0x00005f06   Data           2  rtx_config.o(.constdata)
    Region$$Table$$Base                      0x00006078   Number         0  anon$$obj.o(Region$$Table)
    Region$$Table$$Limit                     0x00006098   Number         0  anon$$obj.o(Region$$Table)
    uart_init_called                         0x10000008   Data           1  retarget.o(.data)
    __stdout                                 0x1000000c   Data           4  retarget.o(.data)
    __stdin                                  0x10000010   Data           4  retarget.o(.data)
    m_tmr                                    0x10000014   Data           4  rtx_config.o(.data)
    ITM_RxBuffer                             0x10000018   Data           4  uart.o(.data)
    UART0TxEmpty                             0x1000001c   Data           1  uart.o(.data)
    UART1TxEmpty                             0x1000001d   Data           1  uart.o(.data)
    UART0Count                               0x10000020   Data           4  uart.o(.data)
    UART1Count                               0x10000024   Data           4  uart.o(.data)
    i                                        0x10000028   Data           4  uart.o(.data)
    UART0Status                              0x1000002c   Data           4  uart.o(.data)
    UART1Status                              0x10000030   Data           4  uart.o(.data)
    RcvLock0                                 0x10000034   Data           1  uart.o(.data)
    SndLock0                                 0x10000035   Data           1  uart.o(.data)
    RcvLock1                                 0x10000036   Data           1  uart.o(.data)
    SndLock1                                 0x10000037   Data           1  uart.o(.data)
    enemyIndexHead                           0x10000038   Data           4  main.o(.data)
    enemyCount                               0x1000003c   Data           4  main.o(.data)
    liveEnemies                              0x10000040   Data           4  main.o(.data)
    enemyPointCount                          0x10000044   Data           4  main.o(.data)
    bulletIndexHead                          0x10000048   Data           4  main.o(.data)
    bulletCount                              0x1000004c   Data           4  main.o(.data)
    liveBullets                              0x10000050   Data           4  main.o(.data)
    bulletPointCount                         0x10000054   Data           4  main.o(.data)
    prev_player_angle                        0x10000058   Data           8  main.o(.data)
    player_angle                             0x10000060   Data           8  main.o(.data)
    playerPointCount                         0x10000068   Data           4  main.o(.data)
    kills                                    0x1000006c   Data           4  main.o(.data)
    lives                                    0x10000070   Data           4  main.o(.data)
    difficulty                               0x10000074   Data           4  main.o(.data)
    gameState                                0x10000078   Data           1  main.o(.data)
    renderPlayerLock                         0x1000007c   Data           8  main.o(.data)
    renderEnemyLock                          0x10000084   Data           8  main.o(.data)
    renderBulletLock                         0x1000008c   Data           8  main.o(.data)
    playerLock                               0x10000094   Data           8  main.o(.data)
    enemyLock                                0x1000009c   Data           8  main.o(.data)
    bulletLock                               0x100000a4   Data           8  main.o(.data)
    SystemCoreClock                          0x100000ac   Data           4  system_lpc17xx.o(.data)
    os_tsk                                   0x100000b0   Data           8  rt_task.o(.data)
    dbg_msg                                  0x100000b8   Data           1  hal_cm3.o(.data)
    os_tick_irqn                             0x100000c0   Data           4  rt_system.o(.data)
    os_robin                                 0x100000c4   Data           8  rt_robin.o(.data)
    os_time                                  0x100000cc   Data           4  rt_time.o(.data)
    os_tmr                                   0x100000d0   Data           8  rt_timer.o(.data)
    __microlib_freelist                      0x100000dc   Data           4  mvars.o(.data)
    __microlib_freelist_initialised          0x100000e0   Data           4  mvars.o(.data)
    mp_tcb                                   0x100000e8   Data         300  rtx_config.o(.bss)
    mp_stk                                   0x10000218   Data        3600  rtx_config.o(.bss)
    os_fifo                                  0x10001028   Data         132  rtx_config.o(.bss)
    os_active_TCB                            0x100010ac   Data          24  rtx_config.o(.bss)
    UART0Buffer                              0x100010c4   Data          64  uart.o(.bss)
    UART1Buffer                              0x10001104   Data          64  uart.o(.bss)
    enemies                                  0x10001148   Data         640  main.o(.bss)
    enemyPoints                              0x100013c8   Data         224  main.o(.bss)
    bullets                                  0x100014a8   Data         640  main.o(.bss)
    bulletPoints                             0x10001728   Data          40  main.o(.bss)
    playerPoints                             0x10001750   Data         520  main.o(.bss)
    os_idle_TCB                              0x10001958   Data          48  rt_task.o(.bss)
    os_rdy                                   0x10001988   Data          24  rt_list.o(.bss)
    os_dly                                   0x100019a0   Data          24  rt_list.o(.bss)
    __heap_base                              0x100019b8   Data           0  startup_lpc17xx.o(HEAP)
    __heap_limit                             0x100039b8   Data           0  startup_lpc17xx.o(HEAP)
    __initial_sp                             0x100059b8   Data           0  startup_lpc17xx.o(STACK)



==============================================================================

Memory Map of the image

  Image Entry point : 0x000000cd

  Load Region LR_IROM1 (Base: 0x00000000, Size: 0x00006180, Max: 0x00080000, ABSOLUTE)

    Execution Region ER_IROM1 (Base: 0x00000000, Size: 0x00006098, Max: 0x00080000, ABSOLUTE)

    Base Addr    Size         Type   Attr      Idx    E Section Name        Object

    0x00000000   0x000000cc   Data   RO            3    RESET               startup_lpc17xx.o
    0x000000cc   0x00000000   Code   RO          861  * .ARM.Collect$$$$00000000  mc_w.l(entry.o)
    0x000000cc   0x00000004   Code   RO         1186    .ARM.Collect$$$$00000001  mc_w.l(entry2.o)
    0x000000d0   0x00000004   Code   RO         1189    .ARM.Collect$$$$00000004  mc_w.l(entry5.o)
    0x000000d4   0x00000000   Code   RO         1191    .ARM.Collect$$$$00000008  mc_w.l(entry7b.o)
    0x000000d4   0x00000008   Code   RO         1192    .ARM.Collect$$$$00000009  mc_w.l(entry8.o)
    0x000000dc   0x00000004   Code   RO         1187    .ARM.Collect$$$$00002712  mc_w.l(entry2.o)
    0x000000e0   0x00000154   Code   RO          415    .emb_text           RTX_CM3.LIB(hal_cm3.o)
    0x00000234   0x00000024   Code   RO            5    .text               startup_lpc17xx.o
    0x00000258   0x000000a0   Code   RO          123    .text               retarget.o
    0x000002f8   0x00000000   Code   RO         1214    .text               mc_w.l(iusefp.o)
    0x000002f8   0x00000004   Code   RO          674    SVC_TABLE           RTX_CM3.LIB(SVC_Table.o)
    0x000002fc   0x00000004   Code   RO            4    .ARM.__at_0x02FC    startup_lpc17xx.o
    0x00000300   0x00000ba4   Code   RO           85    .text               glcd_spi_lpc1700.o
    0x00000ea4   0x0000000a   Code   RO          148    .text               rtx_config.o
    0x00000eae   0x00000002   PAD
    0x00000eb0   0x000003ac   Code   RO          173    .text               uart.o
    0x0000125c   0x000012d8   Code   RO          200    .text               main.o
    0x00002534   0x00000074   Code   RO          238    .text               queue.o
    0x000025a8   0x00000318   Code   RO          252    .text               system_lpc17xx.o
    0x000028c0   0x00000062   Code   RO          864    .text               mc_w.l(uldiv.o)
    0x00002922   0x00000002   PAD
    0x00002924   0x00000024   Code   RO          866    .text               mc_w.l(rand.o)
    0x00002948   0x0000014e   Code   RO         1158    .text               mf_w.l(dadd.o)
    0x00002a96   0x000000e4   Code   RO         1160    .text               mf_w.l(dmul.o)
    0x00002b7a   0x000000de   Code   RO         1162    .text               mf_w.l(ddiv.o)
    0x00002c58   0x00000022   Code   RO         1164    .text               mf_w.l(dflti.o)
    0x00002c7a   0x0000003e   Code   RO         1166    .text               mf_w.l(dfixi.o)
    0x00002cb8   0x00000032   Code   RO         1168    .text               mf_w.l(dfixui.o)
    0x00002cea   0x0000002c   Code   RO         1193    .text               mc_w.l(uidiv.o)
    0x00002d16   0x0000001e   Code   RO         1195    .text               mc_w.l(llshl.o)
    0x00002d34   0x00000020   Code   RO         1197    .text               mc_w.l(llushr.o)
    0x00002d54   0x00000024   Code   RO         1199    .text               mc_w.l(llsshr.o)
    0x00002d78   0x000000be   Code   RO         1215    .text               mf_w.l(depilogue.o)
    0x00002e36   0x0000002e   Code   RO         1217    .text               mf_w.l(dscalb.o)
    0x00002e64   0x000000a2   Code   RO         1219    .text               mf_w.l(dsqrt.o)
    0x00002f06   0x00000002   PAD
    0x00002f08   0x00000024   Code   RO         1231    .text               mc_w.l(init.o)
    0x00002f2c   0x0000001a   Code   RO         1233    .text               mf_w.l(dfltui.o)
    0x00002f46   0x00000002   PAD
    0x00002f48   0x00000020   Code   RO          914    i.__0printf$1       mc_w.l(printf1.o)
    0x00002f68   0x00000028   Code   RO          916    i.__0sprintf$1      mc_w.l(printf1.o)
    0x00002f90   0x00000028   Code   RO         1229    i.__ARM_fpclassify  m_ws.l(fpclassify.o)
    0x00002fb8   0x00000388   Code   RO         1175    i.__ieee754_rem_pio2  m_ws.l(rred.o)
    0x00003340   0x000000fc   Code   RO         1170    i.__kernel_cos      m_ws.l(cos_i.o)
    0x0000343c   0x000000aa   Code   RO         1173    i.__kernel_poly     m_ws.l(poly.o)
    0x000034e6   0x00000002   PAD
    0x000034e8   0x000000ec   Code   RO         1180    i.__kernel_sin      m_ws.l(sin_i.o)
    0x000035d4   0x00000010   Code   RO         1227    i.__mathlib_dbl_underflow  m_ws.l(dunder.o)
    0x000035e4   0x0000000e   Code   RO         1237    i.__scatterload_copy  mc_w.l(handlers.o)
    0x000035f2   0x00000002   Code   RO         1238    i.__scatterload_null  mc_w.l(handlers.o)
    0x000035f4   0x0000000e   Code   RO         1239    i.__scatterload_zeroinit  mc_w.l(handlers.o)
    0x00003602   0x00000002   PAD
    0x00003604   0x0000000c   Code   RO         1209    i.__set_errno       mc_w.l(errno.o)
    0x00003610   0x00000046   Code   RO          641    i._init_box         RTX_CM3.LIB(rt_membox.o)
    0x00003656   0x00000002   PAD
    0x00003658   0x00000154   Code   RO          921    i._printf_core      mc_w.l(printf1.o)
    0x000037ac   0x0000000a   Code   RO          923    i._sputc            mc_w.l(printf1.o)
    0x000037b6   0x00000002   PAD
    0x000037b8   0x00000288   Code   RO          828    i.acos              m_ws.l(acos.o)
    0x00003a40   0x000000ac   Code   RO          838    i.cos               m_ws.l(cos.o)
    0x00003aec   0x00000030   Code   RO          416    i.dbg_init          RTX_CM3.LIB(hal_cm3.o)
    0x00003b1c   0x00000020   Code   RO          417    i.dbg_task_notify   RTX_CM3.LIB(hal_cm3.o)
    0x00003b3c   0x00000010   Code   RO          418    i.dbg_task_switch   RTX_CM3.LIB(hal_cm3.o)
    0x00003b4c   0x00000050   Code   RO         1130    i.free              mc_w.l(malloc.o)
    0x00003b9c   0x0000006c   Code   RO         1131    i.malloc            mc_w.l(malloc.o)
    0x00003c08   0x00000028   Code   RO          457    i.os_tick_init      RTX_CM3.LIB(rt_system.o)
    0x00003c30   0x00000002   Code   RO          458    i.os_tick_irqack    RTX_CM3.LIB(rt_system.o)
    0x00003c32   0x0000001a   Code   RO          642    i.rt_alloc_box      RTX_CM3.LIB(rt_membox.o)
    0x00003c4c   0x00000038   Code   RO          276    i.rt_block          RTX_CM3.LIB(rt_task.o)
    0x00003c84   0x00000048   Code   RO          619    i.rt_chk_robin      RTX_CM3.LIB(rt_robin.o)
    0x00003ccc   0x00000074   Code   RO          540    i.rt_dec_dly        RTX_CM3.LIB(rt_list.o)
    0x00003d40   0x00000044   Code   RO          277    i.rt_dispatch       RTX_CM3.LIB(rt_task.o)
    0x00003d84   0x0000004c   Code   RO          680    i.rt_evt_psh        RTX_CM3.LIB(rt_event.o)
    0x00003dd0   0x00000020   Code   RO          643    i.rt_free_box       RTX_CM3.LIB(rt_membox.o)
    0x00003df0   0x00000028   Code   RO          541    i.rt_get_first      RTX_CM3.LIB(rt_list.o)
    0x00003e18   0x00000024   Code   RO          542    i.rt_get_same_rdy_prio  RTX_CM3.LIB(rt_list.o)
    0x00003e3c   0x00000044   Code   RO          278    i.rt_init_context   RTX_CM3.LIB(rt_task.o)
    0x00003e80   0x00000018   Code   RO          620    i.rt_init_robin     RTX_CM3.LIB(rt_robin.o)
    0x00003e98   0x00000050   Code   RO          419    i.rt_init_stack     RTX_CM3.LIB(hal_cm3.o)
    0x00003ee8   0x000000c0   Code   RO          723    i.rt_mbx_psh        RTX_CM3.LIB(rt_mailbox.o)
    0x00003fa8   0x00000078   Code   RO          459    i.rt_pop_req        RTX_CM3.LIB(rt_system.o)
    0x00004020   0x00000048   Code   RO          544    i.rt_put_dly        RTX_CM3.LIB(rt_list.o)
    0x00004068   0x00000036   Code   RO          545    i.rt_put_prio       RTX_CM3.LIB(rt_list.o)
    0x0000409e   0x00000002   PAD
    0x000040a0   0x00000014   Code   RO          546    i.rt_put_rdy_first  RTX_CM3.LIB(rt_list.o)
    0x000040b4   0x00000028   Code   RO          548    i.rt_rmv_dly        RTX_CM3.LIB(rt_list.o)
    0x000040dc   0x00000030   Code   RO          549    i.rt_rmv_list       RTX_CM3.LIB(rt_list.o)
    0x0000410c   0x0000000c   Code   RO          376    i.rt_sem_init       RTX_CM3.LIB(rt_semaphore.o)
    0x00004118   0x00000034   Code   RO          377    i.rt_sem_psh        RTX_CM3.LIB(rt_semaphore.o)
    0x0000414c   0x00000038   Code   RO          378    i.rt_sem_send       RTX_CM3.LIB(rt_semaphore.o)
    0x00004184   0x0000003c   Code   RO          379    i.rt_sem_wait       RTX_CM3.LIB(rt_semaphore.o)
    0x000041c0   0x00000024   Code   RO          462    i.rt_stk_check      RTX_CM3.LIB(rt_system.o)
    0x000041e4   0x00000028   Code   RO          279    i.rt_switch_req     RTX_CM3.LIB(rt_task.o)
    0x0000420c   0x00000158   Code   RO          280    i.rt_sys_init       RTX_CM3.LIB(rt_task.o)
    0x00004364   0x0000003c   Code   RO          464    i.rt_systick        RTX_CM3.LIB(rt_system.o)
    0x000043a0   0x00000040   Code   RO          802    i.rt_tmr_tick       RTX_CM3.LIB(rt_timer.o)
    0x000043e0   0x00000094   Code   RO          281    i.rt_tsk_create     RTX_CM3.LIB(rt_task.o)
    0x00004474   0x000000bc   Code   RO          282    i.rt_tsk_delete     RTX_CM3.LIB(rt_task.o)
    0x00004530   0x00000030   Code   RO          283    i.rt_tsk_pass       RTX_CM3.LIB(rt_task.o)
    0x00004560   0x000000b0   Code   RO          846    i.sin               m_ws.l(sin.o)
    0x00004610   0x0000004e   Code   RO          854    i.sqrt              m_ws.l(sqrt.o)
    0x0000465e   0x00001880   Data   RO           86    .constdata          glcd_spi_lpc1700.o
    0x00005ede   0x00000002   PAD
    0x00005ee0   0x00000028   Data   RO          150    .constdata          rtx_config.o
    0x00005f08   0x00000050   Data   RO          829    .constdata          m_ws.l(acos.o)
    0x00005f58   0x00000030   Data   RO         1171    .constdata          m_ws.l(cos_i.o)
    0x00005f88   0x000000c8   Data   RO         1177    .constdata          m_ws.l(rred.o)
    0x00006050   0x00000028   Data   RO         1181    .constdata          m_ws.l(sin_i.o)
    0x00006078   0x00000020   Data   RO         1235    Region$$Table       anon$$obj.o


    Execution Region RW_IRAM1 (Base: 0x10000000, Size: 0x000059b8, Max: 0x00008000, ABSOLUTE)

    Base Addr    Size         Type   Attr      Idx    E Section Name        Object

    0x10000000   0x00000005   Data   RW           87    .data               glcd_spi_lpc1700.o
    0x10000005   0x00000003   PAD
    0x10000008   0x0000000c   Data   RW          124    .data               retarget.o
    0x10000014   0x00000004   Data   RW          151    .data               rtx_config.o
    0x10000018   0x00000020   Data   RW          175    .data               uart.o
    0x10000038   0x00000074   Data   RW          202    .data               main.o
    0x100000ac   0x00000004   Data   RW          253    .data               system_lpc17xx.o
    0x100000b0   0x00000008   Data   RW          287    .data               RTX_CM3.LIB(rt_task.o)
    0x100000b8   0x00000001   Data   RW          420    .data               RTX_CM3.LIB(hal_cm3.o)
    0x100000b9   0x00000003   PAD
    0x100000bc   0x00000008   Data   RW          467    .data               RTX_CM3.LIB(rt_system.o)
    0x100000c4   0x00000008   Data   RW          621    .data               RTX_CM3.LIB(rt_robin.o)
    0x100000cc   0x00000004   Data   RW          771    .data               RTX_CM3.LIB(rt_time.o)
    0x100000d0   0x00000008   Data   RW          803    .data               RTX_CM3.LIB(rt_timer.o)
    0x100000d8   0x00000004   Data   RW          867    .data               mc_w.l(rand.o)
    0x100000dc   0x00000004   Data   RW         1205    .data               mc_w.l(mvars.o)
    0x100000e0   0x00000004   Data   RW         1206    .data               mc_w.l(mvars.o)
    0x100000e4   0x00000004   Data   RW         1210    .data               mc_w.l(errno.o)
    0x100000e8   0x00000fdc   Zero   RW          149    .bss                rtx_config.o
    0x100010c4   0x00000080   Zero   RW          174    .bss                uart.o
    0x10001144   0x00000004   PAD
    0x10001148   0x00000810   Zero   RW          201    .bss                main.o
    0x10001958   0x00000030   Zero   RW          286    .bss                RTX_CM3.LIB(rt_task.o)
    0x10001988   0x00000030   Zero   RW          550    .bss                RTX_CM3.LIB(rt_list.o)
    0x100019b8   0x00002000   Zero   RW            2    HEAP                startup_lpc17xx.o
    0x100039b8   0x00002000   Zero   RW            1    STACK               startup_lpc17xx.o


==============================================================================

Image component sizes


      Code (inc. data)   RO Data    RW Data    ZI Data      Debug   Object Name

         0          0          0          0          0       4232   glcd_scroll.o
      2980         62       6272          5          0      25276   glcd_spi_lpc1700.o
      4824        422          0        116       2064      15099   main.o
       116          4          0          0          0       1229   queue.o
       160          6          0         12          0       3083   retarget.o
        10          0         40          4       4060       8500   rtx_config.o
        40         12        204          0      16384        832   startup_lpc17xx.o
       792         78          0          4          0        993   system_lpc17xx.o
       940         60          0         32        128      28843   uart.o

    ----------------------------------------------------------------------
      9864        644       6550        176      22640      88087   Object Totals
         0          0         32          0          0          0   (incl. Generated)
         2          0          2          3          4          0   (incl. Padding)

    ----------------------------------------------------------------------

      Code (inc. data)   RO Data    RW Data    ZI Data      Debug   Library Member Name

         4          4          0          0          0        136   SVC_Table.o
       516         56          0          1          0       2465   hal_cm3.o
        76          4          0          0          0        541   rt_event.o
       426         34          0          0         48       3792   rt_list.o
       192          4          0          0          0        605   rt_mailbox.o
       128          0          0          0          0       1489   rt_membox.o
        96         22          0          8          0        962   rt_robin.o
       180         14          0          0          0       1883   rt_semaphore.o
       258         42          0          8          0       2962   rt_system.o
       960        166          0          8         48       6716   rt_task.o
         0          0          0          4          0        150   rt_time.o
        64          8          0          8          0        583   rt_timer.o
       648         62         80          0          0        180   acos.o
       172          8          0          0          0        112   cos.o
       252         22         48          0          0        124   cos_i.o
        16          6          0          0          0         68   dunder.o
        40          0          0          0          0         68   fpclassify.o
       170          0          0          0          0         96   poly.o
       904         72        200          0          0        132   rred.o
       176         10          0          0          0        116   sin.o
       236         12         40          0          0        128   sin_i.o
        78          0          0          0          0         84   sqrt.o
         0          0          0          0          0          0   entry.o
         8          4          0          0          0          0   entry2.o
         4          0          0          0          0          0   entry5.o
         0          0          0          0          0          0   entry7b.o
         8          4          0          0          0          0   entry8.o
        12          6          0          4          0         68   errno.o
        30          0          0          0          0          0   handlers.o
        36          8          0          0          0         68   init.o
         0          0          0          0          0          0   iusefp.o
        30          0          0          0          0         68   llshl.o
        36          0          0          0          0         68   llsshr.o
        32          0          0          0          0         68   llushr.o
       188         20          0          0          0        160   malloc.o
         0          0          0          8          0          0   mvars.o
       422         22          0          0          0        332   printf1.o
        36         10          0          4          0        136   rand.o
        44          0          0          0          0         80   uidiv.o
        98          0          0          0          0         92   uldiv.o
       334          0          0          0          0        144   dadd.o
       222          0          0          0          0        100   ddiv.o
       190          0          0          0          0        176   depilogue.o
        62          0          0          0          0         80   dfixi.o
        50          0          0          0          0         76   dfixui.o
        34          0          0          0          0         76   dflti.o
        26          0          0          0          0         76   dfltui.o
       228          0          0          0          0         92   dmul.o
        46          0          0          0          0         80   dscalb.o
       162          0          0          0          0        100   dsqrt.o

    ----------------------------------------------------------------------
      7946        620        368         56         96      25532   Library Totals
        16          0          0          3          0          0   (incl. Padding)

    ----------------------------------------------------------------------

      Code (inc. data)   RO Data    RW Data    ZI Data      Debug   Library Name

      2900        354          0         37         96      22284   RTX_CM3.LIB
      2692        192        368          0          0       1108   m_ws.l
       984         74          0         16          0       1140   mc_w.l
      1354          0          0          0          0       1000   mf_w.l

    ----------------------------------------------------------------------
      7946        620        368         56         96      25532   Library Totals

    ----------------------------------------------------------------------

==============================================================================


      Code (inc. data)   RO Data    RW Data    ZI Data      Debug   

     17810       1264       6918        232      22736     109303   Grand Totals
     17810       1264       6918        232      22736     109303   ELF Image Totals
     17810       1264       6918        232          0          0   ROM Totals

==============================================================================

    Total RO  Size (Code + RO Data)                24728 (  24.15kB)
    Total RW  Size (RW Data + ZI Data)             22968 (  22.43kB)
    Total ROM Size (Code + RO Data + RW Data)      24960 (  24.38kB)

==============================================================================

